01-16 15:18:14.928   230   230 D SystemServerTiming: OnBootPhase_550_com.android.server.BinderCallsStatsService$LifeCycle took to complete: 0ms
01-16 15:18:14.928   230   230 I SystemServerTiming: OnBootPhase_550_com.android.server.LooperStatsService$Lifecycle
01-16 15:18:14.928   230   230 D SystemServerTiming: OnBootPhase_550_com.android.server.LooperStatsService$Lifecycle took to complete: 0ms
01-16 15:18:14.928   230   230 I SystemServerTiming: OnBootPhase_550_com.android.server.rollback.RollbackManagerService
01-16 15:18:14.928   230   230 D SystemServerTiming: OnBootPhase_550_com.android.server.rollback.RollbackManagerService took to complete: 0ms
01-16 15:18:14.928   230   230 I SystemServerTiming: OnBootPhase_550_com.android.server.os.BugreportManagerService
01-16 15:18:14.928   230   230 D SystemServerTiming: OnBootPhase_550_com.android.server.os.BugreportManagerService took to complete: 0ms
01-16 15:18:14.928   230   230 I SystemServerTiming: OnBootPhase_550_com.android.server.gpu.GpuService
01-16 15:18:14.928   230   230 D SystemServerTiming: OnBootPhase_550_com.android.server.gpu.GpuService took to complete: 0ms
01-16 15:18:14.928   230   230 I SystemServerTiming: OnBootPhase_550_com.android.server.security.KeyChainSystemService
01-16 15:18:14.928   230   230 D SystemServerTiming: OnBootPhase_550_com.android.server.security.KeyChainSystemService took to complete: 0ms
01-16 15:18:14.928   230   230 I SystemServerTiming: OnBootPhase_550_com.android.server.telecom.TelecomLoaderService
01-16 15:18:14.929   230   230 W ActivityManager: Too early to start/bind service in system_server: Phase=550 ComponentInfo{com.android.server.telecom/com.android.server.telecom.components.TelecomService}
01-16 15:18:14.929   230   230 W ActivityManager: Too early to start/bind service in system_server: Phase=550 ComponentInfo{com.android.server.telecom/com.android.server.telecom.components.TelecomService}
01-16 15:18:14.929   230   230 D SystemServerTiming: OnBootPhase_550_com.android.server.telecom.TelecomLoaderService took to complete: 1ms
01-16 15:18:14.929   230   230 I SystemServerTiming: OnBootPhase_550_com.android.server.accounts.AccountManagerService$Lifecycle
01-16 15:18:14.929   230   230 D SystemServerTiming: OnBootPhase_550_com.android.server.accounts.AccountManagerService$Lifecycle took to complete: 0ms
01-16 15:18:14.929   230   230 I SystemServerTiming: OnBootPhase_550_com.android.server.content.ContentService$Lifecycle
01-16 15:18:14.929   230   230 I SyncManager: No initial accounts
01-16 15:18:14.931   230   230 D SystemServerTiming: OnBootPhase_550_com.android.server.content.ContentService$Lifecycle took to complete: 2ms
01-16 15:18:14.931   230   230 I SystemServerTiming: OnBootPhase_550_com.android.server.DropBoxManagerService
01-16 15:18:14.931   230   230 D SystemServerTiming: OnBootPhase_550_com.android.server.DropBoxManagerService took to complete: 0ms
01-16 15:18:14.931   230   230 I SystemServerTiming: OnBootPhase_550_com.android.server.AlarmManagerService
01-16 15:18:14.931   230   230 D SystemServerTiming: OnBootPhase_550_com.android.server.AlarmManagerService took to complete: 0ms
01-16 15:18:14.931   230   230 I SystemServerTiming: OnBootPhase_550_com.android.server.BluetoothService
01-16 15:18:14.931   230   230 D BluetoothManagerService: Bluetooth boot completed
01-16 15:18:14.931   230   230 D BluetoothManagerService: Getting adapter name and address
01-16 15:18:14.931   230   230 D SystemServerTiming: OnBootPhase_550_com.android.server.BluetoothService took to complete: 0ms
01-16 15:18:14.931   230   230 I SystemServerTiming: OnBootPhase_550_com.android.server.connectivity.IpConnectivityMetrics
01-16 15:18:14.931   230   230 D SystemServerTiming: OnBootPhase_550_com.android.server.connectivity.IpConnectivityMetrics took to complete: 0ms
01-16 15:18:14.931   230   230 I SystemServerTiming: OnBootPhase_550_com.android.server.net.watchlist.NetworkWatchlistService$Lifecycle
01-16 15:18:14.946   230   230 D SystemServerTiming: OnBootPhase_550_com.android.server.net.watchlist.NetworkWatchlistService$Lifecycle took to complete: 15ms
01-16 15:18:14.946   230   230 I SystemServerTiming: OnBootPhase_550_com.android.server.PinnerService
01-16 15:18:14.946   230   230 D SystemServerTiming: OnBootPhase_550_com.android.server.PinnerService took to complete: 0ms
01-16 15:18:14.946   230   230 I SystemServerTiming: OnBootPhase_550_com.google.android.startop.iorap.IorapForwardingService
01-16 15:18:14.946   230   230 D SystemServerTiming: OnBootPhase_550_com.google.android.startop.iorap.IorapForwardingService took to complete: 0ms
01-16 15:18:14.946   230   230 I SystemServerTiming: OnBootPhase_550_com.android.server.integrity.AppIntegrityManagerService
01-16 15:18:14.946   230   230 D SystemServerTiming: OnBootPhase_550_com.android.server.integrity.AppIntegrityManagerService took to complete: 0ms
01-16 15:18:14.946   230   230 I SystemServerTiming: OnBootPhase_550_com.android.server.inputmethod.InputMethodManagerService$Lifecycle
01-16 15:18:14.958   230   250 D BluetoothManagerService: MESSAGE_GET_NAME_AND_ADDRESS
01-16 15:18:14.958   230   250 D BluetoothManagerService: Binding to service to get name and address
01-16 15:18:14.958   230   250 E BluetoothManagerService: Fail to bind to: Intent { act=android.bluetooth.IBluetooth }
01-16 15:18:16.076   230   230 W SystemServiceManager: Service com.android.server.inputmethod.InputMethodManagerService$Lifecycle took 1129 ms in onBootPhase
01-16 15:18:16.076   230   230 D SystemServerTiming: OnBootPhase_550_com.android.server.inputmethod.InputMethodManagerService$Lifecycle took to complete: 1129ms
01-16 15:18:16.076   230   230 I SystemServerTiming: OnBootPhase_550_com.android.server.accessibility.AccessibilityManagerService$Lifecycle
01-16 15:18:16.076   230   230 D SystemServerTiming: OnBootPhase_550_com.android.server.accessibility.AccessibilityManagerService$Lifecycle took to complete: 0ms
01-16 15:18:16.076   230   230 I SystemServerTiming: OnBootPhase_550_com.android.server.StorageManagerService$Lifecycle
01-16 15:18:16.076   230   230 D SystemServerTiming: OnBootPhase_550_com.android.server.StorageManagerService$Lifecycle took to complete: 0ms
01-16 15:18:16.076   230   230 I SystemServerTiming: OnBootPhase_550_com.android.server.usage.StorageStatsService$Lifecycle
01-16 15:18:16.076   230   230 D SystemServerTiming: OnBootPhase_550_com.android.server.usage.StorageStatsService$Lifecycle took to complete: 0ms
01-16 15:18:16.076   230   230 I SystemServerTiming: OnBootPhase_550_com.android.server.UiModeManagerService
01-16 15:18:16.076   230   230 D SystemServerTiming: OnBootPhase_550_com.android.server.UiModeManagerService took to complete: 0ms
01-16 15:18:16.076   230   230 I SystemServerTiming: OnBootPhase_550_com.android.server.locksettings.LockSettingsService$Lifecycle
01-16 15:18:16.076   230   230 D SystemServerTiming: OnBootPhase_550_com.android.server.locksettings.LockSettingsService$Lifecycle took to complete: 1ms
01-16 15:18:16.076   230   230 I SystemServerTiming: OnBootPhase_550_com.android.server.testharness.TestHarnessModeService
01-16 15:18:16.076   230   230 D SystemServerTiming: OnBootPhase_550_com.android.server.testharness.TestHarnessModeService took to complete: 0ms
01-16 15:18:16.076   230   230 I SystemServerTiming: OnBootPhase_550_com.android.server.DeviceIdleController
01-16 15:18:16.076   230   230 D SystemServerTiming: OnBootPhase_550_com.android.server.DeviceIdleController took to complete: 0ms
01-16 15:18:16.077   230   230 I SystemServerTiming: OnBootPhase_550_com.android.server.devicepolicy.DevicePolicyManagerService$Lifecycle
01-16 15:18:16.077   230   230 D SystemServerTiming: OnBootPhase_550_com.android.server.devicepolicy.DevicePolicyManagerService$Lifecycle took to complete: 0ms
01-16 15:18:16.077   230   230 I SystemServerTiming: OnBootPhase_550_com.android.server.textservices.TextServicesManagerService$Lifecycle
01-16 15:18:16.077   230   230 D SystemServerTiming: OnBootPhase_550_com.android.server.textservices.TextServicesManagerService$Lifecycle took to complete: 0ms
01-16 15:18:16.077   230   230 I SystemServerTiming: OnBootPhase_550_com.android.server.textclassifier.TextClassificationManagerService$Lifecycle
01-16 15:18:16.077   230   230 D SystemServerTiming: OnBootPhase_550_com.android.server.textclassifier.TextClassificationManagerService$Lifecycle took to complete: 0ms
01-16 15:18:16.077   230   230 I SystemServerTiming: OnBootPhase_550_com.android.server.NetworkScoreService$Lifecycle
01-16 15:18:16.077   230   230 D SystemServerTiming: OnBootPhase_550_com.android.server.NetworkScoreService$Lifecycle took to complete: 0ms
01-16 15:18:16.077   230   230 I SystemServerTiming: OnBootPhase_550_com.android.server.wifi.WifiService
01-16 15:18:16.077   230   230 D SystemServerTiming: OnBootPhase_550_com.android.server.wifi.WifiService took to complete: 0ms
01-16 15:18:16.077   230   230 I SystemServerTiming: OnBootPhase_550_com.android.server.wifi.scanner.WifiScanningService
01-16 15:18:16.077   230   230 D SystemServerTiming: OnBootPhase_550_com.android.server.wifi.scanner.WifiScanningService took to complete: 0ms
01-16 15:18:16.077   230   297 D StorageManagerService: Isolated storage local flag 0 and remote flag 0 resolved to true
01-16 15:18:16.077   230   230 I SystemServerTiming: OnBootPhase_550_com.android.server.ethernet.EthernetService
01-16 15:18:16.077   230   230 D SystemServerTiming: OnBootPhase_550_com.android.server.ethernet.EthernetService took to complete: 0ms
01-16 15:18:16.077   230   230 I SystemServerTiming: OnBootPhase_550_com.android.server.notification.NotificationManagerService
01-16 15:18:16.077   230   230 D SystemServerTiming: OnBootPhase_550_com.android.server.notification.NotificationManagerService took to complete: 0ms
01-16 15:18:16.077   230   230 I SystemServerTiming: OnBootPhase_550_com.android.server.storage.DeviceStorageMonitorService
01-16 15:18:16.077   230   230 D SystemServerTiming: OnBootPhase_550_com.android.server.storage.DeviceStorageMonitorService took to complete: 0ms
01-16 15:18:16.077   230   230 I SystemServerTiming: OnBootPhase_550_com.android.server.location.LocationManagerService$Lifecycle
01-16 15:18:16.077   230   230 D SystemServerTiming: OnBootPhase_550_com.android.server.location.LocationManagerService$Lifecycle took to complete: 0ms
01-16 15:18:16.077   230   230 I SystemServerTiming: OnBootPhase_550_com.android.server.timedetector.TimeDetectorService$Lifecycle
01-16 15:18:16.077   230   230 D SystemServerTiming: OnBootPhase_550_com.android.server.timedetector.TimeDetectorService$Lifecycle took to complete: 0ms
01-16 15:18:16.077   230   230 I SystemServerTiming: OnBootPhase_550_com.android.server.timezonedetector.TimeZoneDetectorService$Lifecycle
01-16 15:18:16.077   230   230 D SystemServerTiming: OnBootPhase_550_com.android.server.timezonedetector.TimeZoneDetectorService$Lifecycle took to complete: 0ms
01-16 15:18:16.077   230   230 I SystemServerTiming: OnBootPhase_550_com.android.server.search.SearchManagerService$Lifecycle
01-16 15:18:16.077   230   230 D SystemServerTiming: OnBootPhase_550_com.android.server.search.SearchManagerService$Lifecycle took to complete: 0ms
01-16 15:18:16.077   230   230 I SystemServerTiming: OnBootPhase_550_com.android.server.wallpaper.WallpaperManagerService$Lifecycle
01-16 15:18:16.077   230   230 I WallpaperManagerService: No static wallpaper imagery; defaults will be shown
01-16 15:18:16.077   230   230 V WallpaperManagerService: bindWallpaperComponentLocked: componentName=ComponentInfo{com.android.systemui/com.android.systemui.ImageWallpaper}
01-16 15:18:16.079   230   230 D CompatibilityChangeReporter: Compat change id reported: 135634846; UID 10133; state: DISABLED
01-16 15:18:16.080   230   258 D CompatibilityChangeReporter: Compat change id reported: 143937733; UID 10133; state: ENABLED
01-16 15:18:16.080   230   230 W WallpaperManagerService: Invalid wallpaper data
01-16 15:18:16.080   230   230 E WallpaperManagerService: Unable to apply new wallpaper
01-16 15:18:16.080   230   230 D SystemServerTiming: OnBootPhase_550_com.android.server.wallpaper.WallpaperManagerService$Lifecycle took to complete: 3ms
01-16 15:18:16.080   230   230 I SystemServerTiming: OnBootPhase_550_com.android.server.audio.AudioService$Lifecycle
01-16 15:18:16.080   230   230 D SystemServerTiming: OnBootPhase_550_com.android.server.audio.AudioService$Lifecycle took to complete: 0ms
01-16 15:18:16.080   230   230 I SystemServerTiming: OnBootPhase_550_com.android.server.soundtrigger_middleware.SoundTriggerMiddlewareService$Lifecycle
01-16 15:18:16.080   230   230 D SystemServerTiming: OnBootPhase_550_com.android.server.soundtrigger_middleware.SoundTriggerMiddlewareService$Lifecycle took to complete: 0ms
01-16 15:18:16.080   230   230 I SystemServerTiming: OnBootPhase_550_com.android.server.DockObserver
01-16 15:18:16.080   230   230 D SystemServerTiming: OnBootPhase_550_com.android.server.DockObserver took to complete: 0ms
01-16 15:18:16.080   230   230 I SystemServerTiming: OnBootPhase_550_com.android.server.adb.AdbService$Lifecycle
01-16 15:18:16.081   230   230 D SystemServerTiming: OnBootPhase_550_com.android.server.adb.AdbService$Lifecycle took to complete: 0ms
01-16 15:18:16.081   230   230 I SystemServerTiming: OnBootPhase_550_com.android.server.usb.UsbService$Lifecycle
01-16 15:18:16.081   230   230 D SystemServerTiming: OnBootPhase_550_com.android.server.usb.UsbService$Lifecycle took to complete: 0ms
01-16 15:18:16.081   230   230 I SystemServerTiming: OnBootPhase_550_com.android.server.twilight.TwilightService
01-16 15:18:16.081   230   230 D SystemServerTiming: OnBootPhase_550_com.android.server.twilight.TwilightService took to complete: 0ms
01-16 15:18:16.081   230   230 I SystemServerTiming: OnBootPhase_550_com.android.server.display.color.ColorDisplayService
01-16 15:18:16.081   230   230 D SystemServerTiming: OnBootPhase_550_com.android.server.display.color.ColorDisplayService took to complete: 0ms
01-16 15:18:16.081   230   279 I SystemServerTimingAsync: InitThreadPoolExec:UsbService$Lifecycle#onBootPhase
01-16 15:18:16.081   230   230 I SystemServerTiming: OnBootPhase_550_com.android.server.job.JobSchedulerService
01-16 15:18:16.081   230   279 D SystemServerInitThreadPool: Started executing UsbService$Lifecycle#onBootPhase
01-16 15:18:16.081   230   230 D SystemServerTiming: OnBootPhase_550_com.android.server.job.JobSchedulerService took to complete: 0ms
01-16 15:18:16.081   230   230 I SystemServerTiming: OnBootPhase_550_com.android.server.soundtrigger.SoundTriggerService
01-16 15:18:16.081   230   230 D SoundTriggerService: onBootPhase: 550 : false
01-16 15:18:16.081   230   230 D SystemServerTiming: OnBootPhase_550_com.android.server.soundtrigger.SoundTriggerService took to complete: 0ms
01-16 15:18:16.081   230   230 I SystemServerTiming: OnBootPhase_550_com.android.server.trust.TrustManagerService
01-16 15:18:16.081   230   230 D SystemServerTiming: OnBootPhase_550_com.android.server.trust.TrustManagerService took to complete: 0ms
01-16 15:18:16.081   230   230 I SystemServerTiming: OnBootPhase_550_com.android.server.backup.BackupManagerService$Lifecycle
01-16 15:18:16.081   230   230 D SystemServerTiming: OnBootPhase_550_com.android.server.backup.BackupManagerService$Lifecycle took to complete: 0ms
01-16 15:18:16.081   230   230 I SystemServerTiming: OnBootPhase_550_com.android.server.appwidget.AppWidgetService
01-16 15:18:16.081   230   230 D SystemServerTiming: OnBootPhase_550_com.android.server.appwidget.AppWidgetService took to complete: 0ms
01-16 15:18:16.081   230   230 I SystemServerTiming: OnBootPhase_550_com.android.server.role.RoleManagerService
01-16 15:18:16.081   230   230 D SystemServerTiming: OnBootPhase_550_com.android.server.role.RoleManagerService took to complete: 0ms
01-16 15:18:16.081   230   230 I SystemServerTiming: OnBootPhase_550_com.android.server.voiceinteraction.VoiceInteractionManagerService
01-16 15:18:16.081   230   230 D SystemServerTiming: OnBootPhase_550_com.android.server.voiceinteraction.VoiceInteractionManagerService took to complete: 0ms
01-16 15:18:16.081   230   230 I SystemServerTiming: OnBootPhase_550_com.android.server.GestureLauncherService
01-16 15:18:16.081   230   230 D SystemServerTiming: OnBootPhase_550_com.android.server.GestureLauncherService took to complete: 0ms
01-16 15:18:16.081   230   230 I SystemServerTiming: OnBootPhase_550_com.android.server.SensorNotificationService
01-16 15:18:16.081   230   230 D SystemServerTiming: OnBootPhase_550_com.android.server.SensorNotificationService took to complete: 0ms
01-16 15:18:16.081   230   230 I SystemServerTiming: OnBootPhase_550_com.android.server.emergency.EmergencyAffordanceService
01-16 15:18:16.081   230   230 D SystemServerTiming: OnBootPhase_550_com.android.server.emergency.EmergencyAffordanceService took to complete: 0ms
01-16 15:18:16.081   230   230 I SystemServerTiming: OnBootPhase_550_com.android.server.dreams.DreamManagerService
01-16 15:18:16.081   230   230 D SystemServerTiming: OnBootPhase_550_com.android.server.dreams.DreamManagerService took to complete: 0ms
01-16 15:18:16.081   230   230 I SystemServerTiming: OnBootPhase_550_com.android.server.print.PrintManagerService
01-16 15:18:16.081   230   230 D SystemServerTiming: OnBootPhase_550_com.android.server.print.PrintManagerService took to complete: 0ms
01-16 15:18:16.081   230   230 I SystemServerTiming: OnBootPhase_550_com.android.server.companion.CompanionDeviceManagerService
01-16 15:18:16.081   230   230 D SystemServerTiming: OnBootPhase_550_com.android.server.companion.CompanionDeviceManagerService took to complete: 0ms
01-16 15:18:16.081   230   230 I SystemServerTiming: OnBootPhase_550_com.android.server.restrictions.RestrictionsManagerService
01-16 15:18:16.081   230   230 D SystemServerTiming: OnBootPhase_550_com.android.server.restrictions.RestrictionsManagerService took to complete: 0ms
01-16 15:18:16.081   230   230 I SystemServerTiming: OnBootPhase_550_com.android.server.media.MediaSessionService
01-16 15:18:16.081   230   230 D SystemServerTiming: OnBootPhase_550_com.android.server.media.MediaSessionService took to complete: 0ms
01-16 15:18:16.081   230   230 I SystemServerTiming: OnBootPhase_550_com.android.server.media.MediaResourceMonitorService
01-16 15:18:16.081   230   230 D SystemServerTiming: OnBootPhase_550_com.android.server.media.MediaResourceMonitorService took to complete: 0ms
01-16 15:18:16.081   230   230 I SystemServerTiming: OnBootPhase_550_com.android.server.blob.BlobStoreManagerService
01-16 15:18:16.081   230   279 D SystemServerInitThreadPool: Finished executing UsbService$Lifecycle#onBootPhase
01-16 15:18:16.081   230   279 D SystemServerTimingAsync: InitThreadPoolExec:UsbService$Lifecycle#onBootPhase took to complete: 0ms
01-16 15:18:16.082   230   317 D BluetoothManagerService: Trying to bind to profile: 1, while Bluetooth was disabled
01-16 15:18:16.082   230   230 D SystemServerTiming: OnBootPhase_550_com.android.server.blob.BlobStoreManagerService took to complete: 1ms
01-16 15:18:16.082   230   230 I SystemServerTiming: OnBootPhase_550_com.android.server.biometrics.BiometricService
01-16 15:18:16.082   230   230 D SystemServerTiming: OnBootPhase_550_com.android.server.biometrics.BiometricService took to complete: 0ms
01-16 15:18:16.082   230   230 I SystemServerTiming: OnBootPhase_550_com.android.server.biometrics.AuthService
01-16 15:18:16.082   230   230 D SystemServerTiming: OnBootPhase_550_com.android.server.biometrics.AuthService took to complete: 0ms
01-16 15:18:16.082   230   230 I SystemServerTiming: OnBootPhase_550_com.android.server.pm.ShortcutService$Lifecycle
01-16 15:18:16.082   230   230 D SystemServerTiming: OnBootPhase_550_com.android.server.pm.ShortcutService$Lifecycle took to complete: 0ms
01-16 15:18:16.082   230   230 I SystemServerTiming: OnBootPhase_550_com.android.server.pm.LauncherAppsService
01-16 15:18:16.082   230   230 D SystemServerTiming: OnBootPhase_550_com.android.server.pm.LauncherAppsService took to complete: 0ms
01-16 15:18:16.082   230   230 I SystemServerTiming: OnBootPhase_550_com.android.server.pm.CrossProfileAppsService
01-16 15:18:16.082   230   230 D SystemServerTiming: OnBootPhase_550_com.android.server.pm.CrossProfileAppsService took to complete: 0ms
01-16 15:18:16.082   230   230 I SystemServerTiming: OnBootPhase_550_com.android.server.people.PeopleService
01-16 15:18:16.082   230   230 D SystemServerTiming: OnBootPhase_550_com.android.server.people.PeopleService took to complete: 0ms
01-16 15:18:16.082   230   230 I SystemServerTiming: OnBootPhase_550_com.android.server.media.projection.MediaProjectionManagerService
01-16 15:18:16.082   230   230 D SystemServerTiming: OnBootPhase_550_com.android.server.media.projection.MediaProjectionManagerService took to complete: 0ms
01-16 15:18:16.082   230   230 I SystemServerTiming: OnBootPhase_550_com.android.server.slice.SliceManagerService$Lifecycle
01-16 15:18:16.082   230   230 D SystemServerTiming: OnBootPhase_550_com.android.server.slice.SliceManagerService$Lifecycle took to complete: 0ms
01-16 15:18:16.082   230   230 I SystemServerTiming: OnBootPhase_550_com.android.server.camera.CameraServiceProxy
01-16 15:18:16.082   230   230 D SystemServerTiming: OnBootPhase_550_com.android.server.camera.CameraServiceProxy took to complete: 0ms
01-16 15:18:16.082   230   230 I SystemServerTiming: OnBootPhase_550_com.android.server.stats.StatsCompanion$Lifecycle
01-16 15:18:16.082   230   230 D SystemServerTiming: OnBootPhase_550_com.android.server.stats.StatsCompanion$Lifecycle took to complete: 0ms
01-16 15:18:16.082   230   230 I SystemServerTiming: OnBootPhase_550_com.android.server.stats.pull.StatsPullAtomService
01-16 15:18:16.082   230   230 D SystemServerTiming: OnBootPhase_550_com.android.server.stats.pull.StatsPullAtomService took to complete: 0ms
01-16 15:18:16.082   230   230 I SystemServerTiming: OnBootPhase_550_com.android.server.incident.IncidentCompanionService
01-16 15:18:16.082   230   230 D SystemServerTiming: OnBootPhase_550_com.android.server.incident.IncidentCompanionService took to complete: 0ms
01-16 15:18:16.082   230   230 I SystemServerTiming: OnBootPhase_550_com.android.server.MmsServiceBroker
01-16 15:18:16.082   230   230 D SystemServerTiming: OnBootPhase_550_com.android.server.MmsServiceBroker took to complete: 0ms
01-16 15:18:16.082   230   230 I SystemServerTiming: OnBootPhase_550_com.android.server.autofill.AutofillManagerService
01-16 15:18:16.082   230   230 D SystemServerTiming: OnBootPhase_550_com.android.server.autofill.AutofillManagerService took to complete: 0ms
01-16 15:18:16.082   230   230 I SystemServerTiming: OnBootPhase_550_com.android.server.clipboard.ClipboardService
01-16 15:18:16.082   230   230 D SystemServerTiming: OnBootPhase_550_com.android.server.clipboard.ClipboardService took to complete: 0ms
01-16 15:18:16.082   230   230 I SystemServerTiming: OnBootPhase_550_com.android.server.appbinding.AppBindingService$Lifecycle
01-16 15:18:16.082   230   230 I AppBindingService: Updating constants with: null
01-16 15:18:16.082   230   230 D SystemServerTiming: OnBootPhase_550_com.android.server.appbinding.AppBindingService$Lifecycle took to complete: 0ms
01-16 15:18:16.082   230   230 I SystemServerTiming: OnBootPhase_550_org.lineageos.platform.internal.ProfileManagerService
01-16 15:18:16.140   230   230 W SystemServiceManager: Service org.lineageos.platform.internal.ProfileManagerService took 57 ms in onBootPhase
01-16 15:18:16.140   230   230 D SystemServerTiming: OnBootPhase_550_org.lineageos.platform.internal.ProfileManagerService took to complete: 57ms
01-16 15:18:16.140   230   230 I SystemServerTiming: OnBootPhase_550_org.lineageos.platform.internal.LineageHardwareService
01-16 15:18:16.140   230   230 D SystemServerTiming: OnBootPhase_550_org.lineageos.platform.internal.LineageHardwareService took to complete: 0ms
01-16 15:18:16.140   230   230 I SystemServerTiming: OnBootPhase_550_org.lineageos.platform.internal.PerformanceManagerService
01-16 15:18:16.140   230   230 D SystemServerTiming: OnBootPhase_550_org.lineageos.platform.internal.PerformanceManagerService took to complete: 0ms
01-16 15:18:16.140   230   230 I SystemServerTiming: OnBootPhase_550_org.lineageos.platform.internal.display.LiveDisplayService
01-16 15:18:16.140   230   230 D SystemServerTiming: OnBootPhase_550_org.lineageos.platform.internal.display.LiveDisplayService took to complete: 0ms
01-16 15:18:16.140   230   230 I SystemServerTiming: OnBootPhase_550_org.lineageos.platform.internal.LineageAudioService
01-16 15:18:16.140   230   230 D SystemServerTiming: OnBootPhase_550_org.lineageos.platform.internal.LineageAudioService took to complete: 0ms
01-16 15:18:16.140   230   230 I SystemServerTiming: OnBootPhase_550_org.lineageos.platform.internal.LineageSettingsService
01-16 15:18:16.140   230   230 D SystemServerTiming: OnBootPhase_550_org.lineageos.platform.internal.LineageSettingsService took to complete: 0ms
01-16 15:18:16.140   230   230 I SystemServerTiming: OnBootPhase_550_org.lineageos.platform.internal.LineageGlobalActionsService
01-16 15:18:16.140   230   230 D SystemServerTiming: OnBootPhase_550_org.lineageos.platform.internal.LineageGlobalActionsService took to complete: 0ms
01-16 15:18:16.140   230   230 I SystemServerTiming: OnBootPhase_550_org.lineageos.platform.internal.WayDroidService
01-16 15:18:16.140   230   230 D SystemServerTiming: OnBootPhase_550_org.lineageos.platform.internal.WayDroidService took to complete: 0ms
01-16 15:18:16.140   230   230 I SystemServerTiming: OnBootPhase_550_com.android.server.policy.PermissionPolicyService
01-16 15:18:16.150   230   230 I PackageManager: Permission ownership changed. Updating all permissions.
01-16 15:18:16.154   230   230 D SystemServerTiming: OnBootPhase_550_com.android.server.policy.PermissionPolicyService took to complete: 14ms
01-16 15:18:16.154   230   230 I SystemServerTiming: OnBootPhase_550_com.android.server.pm.StagingManager$Lifecycle
01-16 15:18:16.154   230   230 D SystemServerTiming: OnBootPhase_550_com.android.server.pm.StagingManager$Lifecycle took to complete: 0ms
01-16 15:18:16.154   230   230 D SystemServerTiming: OnBootPhase_550 took to complete: 1227ms
01-16 15:18:16.154   230   230 D SystemServerTiming: StartActivityManagerReadyPhase took to complete: 1227ms
01-16 15:18:16.154   230   230 I SystemServerTiming: StartObservingNativeCrashes
01-16 15:18:16.154   230   230 D SystemServerTiming: StartObservingNativeCrashes took to complete: 0ms
01-16 15:18:16.154   230   230 I SystemServerTiming: StartSystemUI
01-16 15:18:16.154   230   255 I SystemServerTimingAsync: InitThreadPoolExec:WebViewFactoryPreparation
01-16 15:18:16.154   230   255 D SystemServerInitThreadPool: Started executing WebViewFactoryPreparation
01-16 15:18:16.154   230   255 I SystemServer: WebViewFactoryPreparation
01-16 15:18:16.154   230   255 I SystemServerTimingAsync: WebViewFactoryPreparation
01-16 15:18:16.154   230   230 D SystemServerTiming: StartSystemUI took to complete: 1ms
01-16 15:18:16.154   230   230 I SystemServerTiming: MakeNetworkManagementServiceReady
01-16 15:18:16.155   230   308 D ConnectivityService: NetReassign [no changes]
01-16 15:18:16.185   230   230 D SystemServerTiming: MakeNetworkManagementServiceReady took to complete: 30ms
01-16 15:18:16.185   230   230 I SystemServerTiming: MakeIpSecServiceReady
01-16 15:18:16.186   230   230 D IpSecService: IpSecService is ready
01-16 15:18:16.186   230   230 D SystemServerTiming: MakeIpSecServiceReady took to complete: 1ms
01-16 15:18:16.186   230   230 I SystemServerTiming: MakeNetworkStatsServiceReady
01-16 15:18:16.269   230   301 W NetworkPolicy: setRestrictBackgroundUL: already false
01-16 15:18:16.373   230   257 I DropBoxManagerService: add tag=system_server_wtf isTagEnabled=true flags=0x2
01-16 15:18:16.375   230   230 D SystemServerTiming: MakeNetworkStatsServiceReady took to complete: 189ms
01-16 15:18:16.375   230   230 I SystemServerTiming: MakeConnectivityServiceReady
01-16 15:18:16.375   230   308 D ConnectivityService: NetReassign [no changes]
01-16 15:18:16.382   230   230 D SystemServerTiming: MakeConnectivityServiceReady took to complete: 7ms
01-16 15:18:16.382   230   230 I SystemServerTiming: MakeNetworkPolicyServiceReady
01-16 15:18:16.382   230   230 D SystemServerTiming: MakeNetworkPolicyServiceReady took to complete: 0ms
01-16 15:18:16.382   230   230 I SystemServerTiming: PhaseThirdPartyAppsCanStart
01-16 15:18:16.382   230   308 D ConnectivityService: NetReassign [no changes]
01-16 15:18:16.383   230   308 D ConnectivityService: NetReassign [no changes]
01-16 15:18:16.503   230   257 I DropBoxManagerService: add tag=system_server_wtf isTagEnabled=true flags=0x2
01-16 15:18:16.503   230   300 W NetworkStats: problem registering for global alert: java.lang.IllegalStateException: android.os.ServiceSpecificException: No such file or directory (code 2)
01-16 15:18:17.429   230   287 D SystemServerTimingAsync: SecondaryZygotePreload took to complete: 7030ms
01-16 15:18:17.429   230   287 D SystemServerInitThreadPool: Finished executing SecondaryZygotePreload
01-16 15:18:17.429   230   287 D SystemServerTimingAsync: InitThreadPoolExec:SecondaryZygotePreload took to complete: 7030ms
01-16 15:18:17.435   230   258 W ActivityManager: Slow operation: 1356ms so far, now at startProcess: returned from zygote!
01-16 15:18:17.435   230   258 W ActivityManager: Slow operation: 1356ms so far, now at startProcess: done updating battery stats
01-16 15:18:17.436   230   258 W ActivityManager: Slow operation: 1356ms so far, now at startProcess: building log message
01-16 15:18:17.436   230   258 I ActivityManager: Start proc 456:com.android.systemui/u0a133 for service {com.android.systemui/com.android.systemui.ImageWallpaper}
01-16 15:18:17.436   230   258 W ActivityManager: Slow operation: 1356ms so far, now at startProcess: starting to update pids map
01-16 15:18:17.436   230   258 W ActivityManager: Slow operation: 1356ms so far, now at startProcess: done updating pids map
01-16 15:18:17.471   230   255 D SystemServerTimingAsync: WebViewFactoryPreparation took to complete: 1317ms
01-16 15:18:17.471   230   255 D SystemServerInitThreadPool: Finished executing WebViewFactoryPreparation
01-16 15:18:17.471   230   255 D SystemServerTimingAsync: InitThreadPoolExec:WebViewFactoryPreparation took to complete: 1317ms
01-16 15:18:17.471   230   230 I SystemServiceManager: Starting phase 600
01-16 15:18:17.471   230   230 I SystemServerTiming: OnBootPhase_600
01-16 15:18:17.471   230   230 I SystemServerTiming: OnBootPhase_600_com.android.server.security.FileIntegrityService
01-16 15:18:17.471   230   230 D SystemServerTiming: OnBootPhase_600_com.android.server.security.FileIntegrityService took to complete: 0ms
01-16 15:18:17.471   230   230 I SystemServerTiming: OnBootPhase_600_com.android.server.pm.Installer
01-16 15:18:17.471   230   230 D SystemServerTiming: OnBootPhase_600_com.android.server.pm.Installer took to complete: 0ms
01-16 15:18:17.471   230   230 I SystemServerTiming: OnBootPhase_600_com.android.server.os.DeviceIdentifiersPolicyService
01-16 15:18:17.471   230   230 D SystemServerTiming: OnBootPhase_600_com.android.server.os.DeviceIdentifiersPolicyService took to complete: 0ms
01-16 15:18:17.471   230   230 I SystemServerTiming: OnBootPhase_600_com.android.server.uri.UriGrantsManagerService$Lifecycle
01-16 15:18:17.471   230   230 D SystemServerTiming: OnBootPhase_600_com.android.server.uri.UriGrantsManagerService$Lifecycle took to complete: 0ms
01-16 15:18:17.471   230   230 I SystemServerTiming: OnBootPhase_600_com.android.server.wm.ActivityTaskManagerService$Lifecycle
01-16 15:18:17.471   230   230 D SystemServerTiming: OnBootPhase_600_com.android.server.wm.ActivityTaskManagerService$Lifecycle took to complete: 0ms
01-16 15:18:17.471   230   230 I SystemServerTiming: OnBootPhase_600_com.android.server.am.ActivityManagerService$Lifecycle
01-16 15:18:17.472   230   230 I ExplicitHealthCheckController: Explicit health checks enabled.
01-16 15:18:17.472   230   230 I PackageWatchdog: Syncing state, reason: health check state enabled
01-16 15:18:17.472   230   230 I PackageWatchdog: Not pruning observers, elapsed time: 0ms
01-16 15:18:17.472   230   230 I PackageWatchdog: Cancelling state sync, nothing to sync
01-16 15:18:17.472   230   256 I PackageWatchdog: Saving observer state to file
01-16 15:18:17.472   230   230 D SystemServerTiming: OnBootPhase_600_com.android.server.am.ActivityManagerService$Lifecycle took to complete: 1ms
01-16 15:18:17.472   230   230 I SystemServerTiming: OnBootPhase_600_com.android.server.pm.DataLoaderManagerService
01-16 15:18:17.472   230   230 D SystemServerTiming: OnBootPhase_600_com.android.server.pm.DataLoaderManagerService took to complete: 0ms
01-16 15:18:17.472   230   230 I SystemServerTiming: OnBootPhase_600_com.android.server.power.PowerManagerService
01-16 15:18:17.472   230   230 D SystemServerTiming: OnBootPhase_600_com.android.server.power.PowerManagerService took to complete: 0ms
01-16 15:18:17.472   230   230 I SystemServerTiming: OnBootPhase_600_com.android.server.power.ThermalManagerService
01-16 15:18:17.472   230   230 D SystemServerTiming: OnBootPhase_600_com.android.server.power.ThermalManagerService took to complete: 0ms
01-16 15:18:17.472   230   230 I SystemServerTiming: OnBootPhase_600_com.android.server.recoverysystem.RecoverySystemService$Lifecycle
01-16 15:18:17.472   230   230 D SystemServerTiming: OnBootPhase_600_com.android.server.recoverysystem.RecoverySystemService$Lifecycle took to complete: 0ms
01-16 15:18:17.472   230   230 I SystemServerTiming: OnBootPhase_600_com.android.server.lights.LightsService
01-16 15:18:17.472   230   230 D SystemServerTiming: OnBootPhase_600_com.android.server.lights.LightsService took to complete: 0ms
01-16 15:18:17.472   230   230 I SystemServerTiming: OnBootPhase_600_com.android.server.display.DisplayManagerService
01-16 15:18:17.472   230   230 D SystemServerTiming: OnBootPhase_600_com.android.server.display.DisplayManagerService took to complete: 0ms
01-16 15:18:17.472   230   230 I SystemServerTiming: OnBootPhase_600_com.android.server.pm.UserManagerService$LifeCycle
01-16 15:18:17.472   230   230 D SystemServerTiming: OnBootPhase_600_com.android.server.pm.UserManagerService$LifeCycle took to complete: 0ms
01-16 15:18:17.472   230   230 I SystemServerTiming: OnBootPhase_600_com.android.server.om.OverlayManagerService
01-16 15:18:17.472   230   230 D SystemServerTiming: OnBootPhase_600_com.android.server.om.OverlayManagerService took to complete: 0ms
01-16 15:18:17.472   230   230 I SystemServerTiming: OnBootPhase_600_com.android.server.SensorPrivacyService
01-16 15:18:17.472   230   230 D SystemServerTiming: OnBootPhase_600_com.android.server.SensorPrivacyService took to complete: 0ms
01-16 15:18:17.472   230   230 I SystemServerTiming: OnBootPhase_600_com.android.server.SystemConfigService
01-16 15:18:17.472   230   230 D SystemServerTiming: OnBootPhase_600_com.android.server.SystemConfigService took to complete: 0ms
01-16 15:18:17.472   230   230 I SystemServerTiming: OnBootPhase_600_com.android.server.BatteryService
01-16 15:18:17.472   230   230 D SystemServerTiming: OnBootPhase_600_com.android.server.BatteryService took to complete: 0ms
01-16 15:18:17.472   230   230 I SystemServerTiming: OnBootPhase_600_com.android.server.usage.UsageStatsService
01-16 15:18:17.472   230   230 D SystemServerTiming: OnBootPhase_600_com.android.server.usage.UsageStatsService took to complete: 0ms
01-16 15:18:17.472   230   230 I SystemServerTiming: OnBootPhase_600_com.android.server.webkit.WebViewUpdateService
01-16 15:18:17.472   230   230 D SystemServerTiming: OnBootPhase_600_com.android.server.webkit.WebViewUpdateService took to complete: 0ms
01-16 15:18:17.472   230   230 I SystemServerTiming: OnBootPhase_600_com.android.server.CachedDeviceStateService
01-16 15:18:17.472   230   230 D SystemServerTiming: OnBootPhase_600_com.android.server.CachedDeviceStateService took to complete: 0ms
01-16 15:18:17.472   230   230 I SystemServerTiming: OnBootPhase_600_com.android.server.BinderCallsStatsService$LifeCycle
01-16 15:18:17.472   230   230 D SystemServerTiming: OnBootPhase_600_com.android.server.BinderCallsStatsService$LifeCycle took to complete: 0ms
01-16 15:18:17.472   230   230 I SystemServerTiming: OnBootPhase_600_com.android.server.LooperStatsService$Lifecycle
01-16 15:18:17.472   230   230 D SystemServerTiming: OnBootPhase_600_com.android.server.LooperStatsService$Lifecycle took to complete: 0ms
01-16 15:18:17.472   230   230 I SystemServerTiming: OnBootPhase_600_com.android.server.rollback.RollbackManagerService
01-16 15:18:17.472   230   230 D SystemServerTiming: OnBootPhase_600_com.android.server.rollback.RollbackManagerService took to complete: 0ms
01-16 15:18:17.472   230   230 I SystemServerTiming: OnBootPhase_600_com.android.server.os.BugreportManagerService
01-16 15:18:17.472   230   230 D SystemServerTiming: OnBootPhase_600_com.android.server.os.BugreportManagerService took to complete: 0ms
01-16 15:18:17.472   230   230 I SystemServerTiming: OnBootPhase_600_com.android.server.gpu.GpuService
01-16 15:18:17.472   230   230 D SystemServerTiming: OnBootPhase_600_com.android.server.gpu.GpuService took to complete: 0ms
01-16 15:18:17.472   230   230 I SystemServerTiming: OnBootPhase_600_com.android.server.security.KeyChainSystemService
01-16 15:18:17.472   230   230 D SystemServerTiming: OnBootPhase_600_com.android.server.security.KeyChainSystemService took to complete: 0ms
01-16 15:18:17.472   230   230 I SystemServerTiming: OnBootPhase_600_com.android.server.telecom.TelecomLoaderService
01-16 15:18:17.472   230   230 D SystemServerTiming: OnBootPhase_600_com.android.server.telecom.TelecomLoaderService took to complete: 0ms
01-16 15:18:17.472   230   230 I SystemServerTiming: OnBootPhase_600_com.android.server.accounts.AccountManagerService$Lifecycle
01-16 15:18:17.472   230   230 D SystemServerTiming: OnBootPhase_600_com.android.server.accounts.AccountManagerService$Lifecycle took to complete: 0ms
01-16 15:18:17.472   230   230 I SystemServerTiming: OnBootPhase_600_com.android.server.content.ContentService$Lifecycle
01-16 15:18:17.472   230   230 D SystemServerTiming: OnBootPhase_600_com.android.server.content.ContentService$Lifecycle took to complete: 0ms
01-16 15:18:17.472   230   230 I SystemServerTiming: OnBootPhase_600_com.android.server.DropBoxManagerService
01-16 15:18:17.472   230   230 D SystemServerTiming: OnBootPhase_600_com.android.server.DropBoxManagerService took to complete: 0ms
01-16 15:18:17.472   230   230 I SystemServerTiming: OnBootPhase_600_com.android.server.AlarmManagerService
01-16 15:18:17.472   230   230 D SystemServerTiming: OnBootPhase_600_com.android.server.AlarmManagerService took to complete: 0ms
01-16 15:18:17.472   230   230 I SystemServerTiming: OnBootPhase_600_com.android.server.BluetoothService
01-16 15:18:17.472   230   230 D SystemServerTiming: OnBootPhase_600_com.android.server.BluetoothService took to complete: 0ms
01-16 15:18:17.472   230   230 I SystemServerTiming: OnBootPhase_600_com.android.server.connectivity.IpConnectivityMetrics
01-16 15:18:17.472   230   230 D SystemServerTiming: OnBootPhase_600_com.android.server.connectivity.IpConnectivityMetrics took to complete: 0ms
01-16 15:18:17.472   230   230 I SystemServerTiming: OnBootPhase_600_com.android.server.net.watchlist.NetworkWatchlistService$Lifecycle
01-16 15:18:17.472   230   230 D SystemServerTiming: OnBootPhase_600_com.android.server.net.watchlist.NetworkWatchlistService$Lifecycle took to complete: 0ms
01-16 15:18:17.472   230   230 I SystemServerTiming: OnBootPhase_600_com.android.server.PinnerService
01-16 15:18:17.472   230   230 D SystemServerTiming: OnBootPhase_600_com.android.server.PinnerService took to complete: 0ms
01-16 15:18:17.472   230   230 I SystemServerTiming: OnBootPhase_600_com.google.android.startop.iorap.IorapForwardingService
01-16 15:18:17.472   230   230 D SystemServerTiming: OnBootPhase_600_com.google.android.startop.iorap.IorapForwardingService took to complete: 0ms
01-16 15:18:17.472   230   230 I SystemServerTiming: OnBootPhase_600_com.android.server.integrity.AppIntegrityManagerService
01-16 15:18:17.472   230   230 D SystemServerTiming: OnBootPhase_600_com.android.server.integrity.AppIntegrityManagerService took to complete: 0ms
01-16 15:18:17.472   230   230 I SystemServerTiming: OnBootPhase_600_com.android.server.inputmethod.InputMethodManagerService$Lifecycle
01-16 15:18:17.472   230   230 D SystemServerTiming: OnBootPhase_600_com.android.server.inputmethod.InputMethodManagerService$Lifecycle took to complete: 0ms
01-16 15:18:17.472   230   230 I SystemServerTiming: OnBootPhase_600_com.android.server.accessibility.AccessibilityManagerService$Lifecycle
01-16 15:18:17.472   230   230 D SystemServerTiming: OnBootPhase_600_com.android.server.accessibility.AccessibilityManagerService$Lifecycle took to complete: 0ms
01-16 15:18:17.472   230   230 I SystemServerTiming: OnBootPhase_600_com.android.server.StorageManagerService$Lifecycle
01-16 15:18:17.472   230   230 D SystemServerTiming: OnBootPhase_600_com.android.server.StorageManagerService$Lifecycle took to complete: 0ms
01-16 15:18:17.472   230   230 I SystemServerTiming: OnBootPhase_600_com.android.server.usage.StorageStatsService$Lifecycle
01-16 15:18:17.472   230   230 D SystemServerTiming: OnBootPhase_600_com.android.server.usage.StorageStatsService$Lifecycle took to complete: 0ms
01-16 15:18:17.472   230   230 I SystemServerTiming: OnBootPhase_600_com.android.server.UiModeManagerService
01-16 15:18:17.472   230   230 D SystemServerTiming: OnBootPhase_600_com.android.server.UiModeManagerService took to complete: 0ms
01-16 15:18:17.472   230   230 I SystemServerTiming: OnBootPhase_600_com.android.server.locksettings.LockSettingsService$Lifecycle
01-16 15:18:17.472   230   230 D SystemServerTiming: OnBootPhase_600_com.android.server.locksettings.LockSettingsService$Lifecycle took to complete: 0ms
01-16 15:18:17.472   230   230 I SystemServerTiming: OnBootPhase_600_com.android.server.testharness.TestHarnessModeService
01-16 15:18:17.472   230   230 D SystemServerTiming: OnBootPhase_600_com.android.server.testharness.TestHarnessModeService took to complete: 0ms
01-16 15:18:17.472   230   230 I SystemServerTiming: OnBootPhase_600_com.android.server.DeviceIdleController
01-16 15:18:17.472   230   230 D SystemServerTiming: OnBootPhase_600_com.android.server.DeviceIdleController took to complete: 0ms
01-16 15:18:17.472   230   230 I SystemServerTiming: OnBootPhase_600_com.android.server.devicepolicy.DevicePolicyManagerService$Lifecycle
01-16 15:18:17.472   230   230 D SystemServerTiming: OnBootPhase_600_com.android.server.devicepolicy.DevicePolicyManagerService$Lifecycle took to complete: 0ms
01-16 15:18:17.472   230   230 I SystemServerTiming: OnBootPhase_600_com.android.server.textservices.TextServicesManagerService$Lifecycle
01-16 15:18:17.472   230   230 D SystemServerTiming: OnBootPhase_600_com.android.server.textservices.TextServicesManagerService$Lifecycle took to complete: 0ms
01-16 15:18:17.472   230   230 I SystemServerTiming: OnBootPhase_600_com.android.server.textclassifier.TextClassificationManagerService$Lifecycle
01-16 15:18:17.472   230   230 D SystemServerTiming: OnBootPhase_600_com.android.server.textclassifier.TextClassificationManagerService$Lifecycle took to complete: 0ms
01-16 15:18:17.472   230   230 I SystemServerTiming: OnBootPhase_600_com.android.server.NetworkScoreService$Lifecycle
01-16 15:18:17.472   230   230 D SystemServerTiming: OnBootPhase_600_com.android.server.NetworkScoreService$Lifecycle took to complete: 0ms
01-16 15:18:17.472   230   230 I SystemServerTiming: OnBootPhase_600_com.android.server.wifi.WifiService
01-16 15:18:17.472   230   230 D SystemServerTiming: OnBootPhase_600_com.android.server.wifi.WifiService took to complete: 0ms
01-16 15:18:17.472   230   230 I SystemServerTiming: OnBootPhase_600_com.android.server.wifi.scanner.WifiScanningService
01-16 15:18:17.472   230   230 D SystemServerTiming: OnBootPhase_600_com.android.server.wifi.scanner.WifiScanningService took to complete: 0ms
01-16 15:18:17.472   230   230 I SystemServerTiming: OnBootPhase_600_com.android.server.ethernet.EthernetService
01-16 15:18:17.472   230   230 D SystemServerTiming: OnBootPhase_600_com.android.server.ethernet.EthernetService took to complete: 0ms
01-16 15:18:17.472   230   230 I SystemServerTiming: OnBootPhase_600_com.android.server.notification.NotificationManagerService
01-16 15:18:17.473   230   230 D SystemServerTiming: OnBootPhase_600_com.android.server.notification.NotificationManagerService took to complete: 0ms
01-16 15:18:17.473   230   230 I SystemServerTiming: OnBootPhase_600_com.android.server.storage.DeviceStorageMonitorService
01-16 15:18:17.473   230   230 D SystemServerTiming: OnBootPhase_600_com.android.server.storage.DeviceStorageMonitorService took to complete: 0ms
01-16 15:18:17.473   230   230 I SystemServerTiming: OnBootPhase_600_com.android.server.location.LocationManagerService$Lifecycle
01-16 15:18:17.497   230   230 D SystemServerTiming: OnBootPhase_600_com.android.server.location.LocationManagerService$Lifecycle took to complete: 24ms
01-16 15:18:17.497   230   230 I SystemServerTiming: OnBootPhase_600_com.android.server.timedetector.TimeDetectorService$Lifecycle
01-16 15:18:17.497   230   230 D SystemServerTiming: OnBootPhase_600_com.android.server.timedetector.TimeDetectorService$Lifecycle took to complete: 0ms
01-16 15:18:17.497   230   230 I SystemServerTiming: OnBootPhase_600_com.android.server.timezonedetector.TimeZoneDetectorService$Lifecycle
01-16 15:18:17.497   230   230 D SystemServerTiming: OnBootPhase_600_com.android.server.timezonedetector.TimeZoneDetectorService$Lifecycle took to complete: 0ms
01-16 15:18:17.497   230   230 I SystemServerTiming: OnBootPhase_600_com.android.server.search.SearchManagerService$Lifecycle
01-16 15:18:17.497   230   230 D SystemServerTiming: OnBootPhase_600_com.android.server.search.SearchManagerService$Lifecycle took to complete: 0ms
01-16 15:18:17.497   230   230 I SystemServerTiming: OnBootPhase_600_com.android.server.wallpaper.WallpaperManagerService$Lifecycle
01-16 15:18:17.497   230   230 I WallpaperManagerService: switch-user-0
01-16 15:18:17.497   230   230 V WallpaperManagerService: bindWallpaperComponentLocked: componentName=ComponentInfo{com.android.systemui/com.android.systemui.ImageWallpaper}
01-16 15:18:17.498   230   230 D WallpaperManagerService: switch-user-0 took to complete: 1ms
01-16 15:18:17.498   230   230 D SystemServerTiming: OnBootPhase_600_com.android.server.wallpaper.WallpaperManagerService$Lifecycle took to complete: 1ms
01-16 15:18:17.498   230   230 I SystemServerTiming: OnBootPhase_600_com.android.server.audio.AudioService$Lifecycle
01-16 15:18:17.498   230   230 D SystemServerTiming: OnBootPhase_600_com.android.server.audio.AudioService$Lifecycle took to complete: 0ms
01-16 15:18:17.498   230   230 I SystemServerTiming: OnBootPhase_600_com.android.server.soundtrigger_middleware.SoundTriggerMiddlewareService$Lifecycle
01-16 15:18:17.498   230   230 D SystemServerTiming: OnBootPhase_600_com.android.server.soundtrigger_middleware.SoundTriggerMiddlewareService$Lifecycle took to complete: 0ms
01-16 15:18:17.498   230   230 I SystemServerTiming: OnBootPhase_600_com.android.server.DockObserver
01-16 15:18:17.498   230   230 D SystemServerTiming: OnBootPhase_600_com.android.server.DockObserver took to complete: 0ms
01-16 15:18:17.498   230   230 I SystemServerTiming: OnBootPhase_600_com.android.server.adb.AdbService$Lifecycle
01-16 15:18:17.498   230   230 D SystemServerTiming: OnBootPhase_600_com.android.server.adb.AdbService$Lifecycle took to complete: 0ms
01-16 15:18:17.498   230   230 I SystemServerTiming: OnBootPhase_600_com.android.server.usb.UsbService$Lifecycle
01-16 15:18:17.498   230   230 D SystemServerTiming: OnBootPhase_600_com.android.server.usb.UsbService$Lifecycle took to complete: 0ms
01-16 15:18:17.498   230   230 I SystemServerTiming: OnBootPhase_600_com.android.server.twilight.TwilightService
01-16 15:18:17.498   230   230 D SystemServerTiming: OnBootPhase_600_com.android.server.twilight.TwilightService took to complete: 0ms
01-16 15:18:17.498   230   230 I SystemServerTiming: OnBootPhase_600_com.android.server.display.color.ColorDisplayService
01-16 15:18:17.498   230   230 D SystemServerTiming: OnBootPhase_600_com.android.server.display.color.ColorDisplayService took to complete: 0ms
01-16 15:18:17.498   230   230 I SystemServerTiming: OnBootPhase_600_com.android.server.job.JobSchedulerService
01-16 15:18:17.499   230   230 D SystemServerTiming: OnBootPhase_600_com.android.server.job.JobSchedulerService took to complete: 1ms
01-16 15:18:17.499   230   230 I SystemServerTiming: OnBootPhase_600_com.android.server.soundtrigger.SoundTriggerService
01-16 15:18:17.499   230   230 D SoundTriggerService: onBootPhase: 600 : false
01-16 15:18:17.499   230   230 D SystemServerTiming: OnBootPhase_600_com.android.server.soundtrigger.SoundTriggerService took to complete: 0ms
01-16 15:18:17.499   230   230 I SystemServerTiming: OnBootPhase_600_com.android.server.trust.TrustManagerService
01-16 15:18:17.499   230   230 D SystemServerTiming: OnBootPhase_600_com.android.server.trust.TrustManagerService took to complete: 1ms
01-16 15:18:17.499   230   230 I SystemServerTiming: OnBootPhase_600_com.android.server.backup.BackupManagerService$Lifecycle
01-16 15:18:17.499   230   230 D SystemServerTiming: OnBootPhase_600_com.android.server.backup.BackupManagerService$Lifecycle took to complete: 0ms
