01-16 15:17:39.706     0     0 E init    : createProcessGroup(0, 83) failed for service 'adbd': Read-only file system
01-16 15:17:39.707     0     0 I init    : Command 'start adbd' action=sys.usb.config=adb && sys.usb.configfs=0 (/system/etc/init/hw/init.usb.rc:43) took 122ms and succeeded
01-16 15:17:39.707     0     0 I init    : processing action (init.svc.audioserver=running) from (/system/etc/init/audioserver.rc:35)
01-16 15:17:39.707     0     0 I init    : Command 'start vendor.audio-hal-4-0-msd' action=init.svc.audioserver=running (/system/etc/init/audioserver.rc:37) took 0ms and failed: service vendor.audio-hal-4-0-msd not found
01-16 15:17:39.707     0     0 I init    : Command 'start audio-hal-2-0' action=init.svc.audioserver=running (/system/etc/init/audioserver.rc:40) took 0ms and failed: service audio-hal-2-0 not found
01-16 15:17:39.707     0     0 I init    : processing action (ro.persistent_properties.ready=true) from (/system/etc/init/bootstat.rc:67)
01-16 15:17:39.707     0     0 I init    : processing action (ro.persistent_properties.ready=true) from (/system/etc/init/bootstat.rc:71)
01-16 15:17:39.707     0     0 I init    : starting service 'exec 12 (/system/bin/bootstat --set_system_boot_reason)'...
01-16 15:17:39.707     0     0 E libprocessgroup: Failed to make and chown /acct/uid_1000: Read-only file system
01-16 15:17:39.707     0     0 E init    : createProcessGroup(1000, 84) failed for service 'exec 12 (/system/bin/bootstat --set_system_boot_reason)': Read-only file system
01-16 15:17:39.707     0     0 I init    : processing action (persist.heapprofd.enable= && traced.lazy.heapprofd=) from (/system/etc/init/heapprofd.rc:34)
01-16 15:17:39.708     0     0 I init    : processing action (ro.iorapd.enable=false) from (/system/etc/init/iorapd.rc:25)
01-16 15:17:39.708     0     0 I init    : processing action (debug.atrace.user_initiated= && persist.traced.enable=1) from (/system/etc/init/perfetto.rc:47)
01-16 15:17:39.708     0     0 I init    : starting service 'traced_probes'...
01-16 15:17:39.708     0     0 I init    : Opened file '/dev/kmsg', flags 1
01-16 15:17:39.708     0     0 E libprocessgroup: Failed to make and chown /acct/uid_9999: Read-only file system
01-16 15:17:39.708     0     0 E init    : createProcessGroup(9999, 85) failed for service 'traced_probes': Read-only file system
01-16 15:17:39.708     0     0 I init    : processing action (persist.traced.enable=1) from (/system/etc/init/perfetto.rc:50)
01-16 15:17:39.708     0     0 I init    : starting service 'traced'...
01-16 15:17:39.708     0     0 I init    : Created socket '/dev/socket/traced_consumer', mode 666, user 0, group 0
01-16 15:17:39.708     0     0 I init    : Created socket '/dev/socket/traced_producer', mode 666, user 0, group 0
01-16 15:17:39.709     0     0 E libprocessgroup: Failed to make and chown /acct/uid_9999: Read-only file system
01-16 15:17:39.709     0     0 E init    : createProcessGroup(9999, 86) failed for service 'traced': Read-only file system
01-16 15:17:39.709     0     0 I init    : processing action (persist.traced_perf.enable= && sys.init.perf_lsm_hooks=) from (/system/etc/init/traced_perf.rc:39)
01-16 15:17:39.709     0     0 I init    : processing action (nonencrypted) from (/system/etc/init/hw/init.rc:946)
01-16 15:17:39.709     0     0 I init    : starting service 'adb_root'...
01-16 15:17:39.709     0     0 E libprocessgroup: Failed to make and chown /acct/uid_0: Read-only file system
01-16 15:17:39.709     0     0 E init    : createProcessGroup(0, 87) failed for service 'adb_root': Read-only file system
01-16 15:17:39.710     0     0 I init    : starting service 'cameraserver'...
01-16 15:17:39.710     0     0 E libprocessgroup: Failed to make and chown /acct/uid_1047: Read-only file system
01-16 15:17:39.710     0     0 E init    : createProcessGroup(1047, 88) failed for service 'cameraserver': Read-only file system
01-16 15:17:39.710     0     0 I init    : starting service 'drm'...
01-16 15:17:39.711     0     0 E libprocessgroup: Failed to make and chown /acct/uid_1019: Read-only file system
01-16 15:17:39.711     0     0 W libprocessgroup: Failed to open /dev/cpuset/camera-daemon/tasks: No such file or directory: No such file or directory
01-16 15:17:39.711     0     0 W libprocessgroup: Failed to apply CameraServiceCapacity task profile: No such file or directory
01-16 15:17:39.711     0     0 E init    : createProcessGroup(1019, 89) failed for service 'drm': Read-only file system
01-16 15:17:39.711     0     0 W libprocessgroup: Failed to open /dev/stune/top-app/tasks: No such file or directory: No such file or directory
01-16 15:17:39.711     0     0 W libprocessgroup: Failed to apply MaxPerformance task profile: No such file or directory
01-16 15:17:39.711     0     0 I init    : starting service 'idmap2d'...
01-16 15:17:39.711     0     0 E libprocessgroup: Failed to make and chown /acct/uid_1000: Read-only file system
01-16 15:17:39.711     0     0 E init    : createProcessGroup(1000, 90) failed for service 'idmap2d': Read-only file system
01-16 15:17:39.711     0     0 I init    : starting service 'incidentd'...
01-16 15:17:39.712     0     0 E libprocessgroup: Failed to make and chown /acct/uid_1067: Read-only file system
01-16 15:17:39.712     0     0 E init    : createProcessGroup(1067, 91) failed for service 'incidentd': Read-only file system
01-16 15:17:39.712     0     0 I init    : starting service 'installd'...
01-16 15:17:39.712     0     0 E libprocessgroup: Failed to make and chown /acct/uid_0: Read-only file system
01-16 15:17:39.712     0     0 E init    : createProcessGroup(0, 92) failed for service 'installd': Read-only file system
01-16 15:17:39.712     0     0 I init    : starting service 'keystore'...
01-16 15:17:39.713     0     0 E libprocessgroup: Failed to make and chown /acct/uid_1017: Read-only file system
01-16 15:17:39.713     0     0 E init    : createProcessGroup(1017, 93) failed for service 'keystore': Read-only file system
01-16 15:17:39.713     0     0 I init    : starting service 'mediaextractor'...
01-16 15:17:39.713     0     0 E libprocessgroup: Failed to make and chown /acct/uid_1040: Read-only file system
01-16 15:17:39.713     0     0 E init    : createProcessGroup(1040, 94) failed for service 'mediaextractor': Read-only file system
01-16 15:17:39.713     0     0 I init    : starting service 'mediametrics'...
01-16 15:17:39.714     0     0 E libprocessgroup: Failed to make and chown /acct/uid_1013: Read-only file system
01-16 15:17:39.714     0     0 E init    : createProcessGroup(1013, 95) failed for service 'mediametrics': Read-only file system
01-16 15:17:39.714     0     0 I init    : starting service 'media'...
01-16 15:17:39.714     0     0 E libprocessgroup: Failed to make and chown /acct/uid_1013: Read-only file system
01-16 15:17:39.714     0     0 E init    : createProcessGroup(1013, 96) failed for service 'media': Read-only file system
01-16 15:17:39.714     0     0 W libprocessgroup: Failed to open /dev/stune/foreground/tasks: No such file or directory: No such file or directory
01-16 15:17:39.714     0     0 W libprocessgroup: Failed to apply HighPerformance task profile: No such file or directory
01-16 15:17:39.715     0     0 I init    : starting service 'storaged'...
01-16 15:17:39.715     0     0 I init    : Could not open file '/d/mmc0/mmc0:0001/ext_csd': Failed to open file '/d/mmc0/mmc0:0001/ext_csd': No such file or directory
01-16 15:17:39.715     0     0 W libprocessgroup: Failed to open /dev/stune/foreground/tasks: No such file or directory: No such file or directory
01-16 15:17:39.715     0     0 W libprocessgroup: Failed to apply HighPerformance task profile: No such file or directory
01-16 15:17:39.715     0     0 E libprocessgroup: Failed to make and chown /acct/uid_0: Read-only file system
01-16 15:17:39.715     0     0 E init    : createProcessGroup(0, 97) failed for service 'storaged': Read-only file system
01-16 15:17:39.715     0     0 I init    : starting service 'wificond'...
01-16 15:17:39.716     0     0 E libprocessgroup: Failed to make and chown /acct/uid_1010: Read-only file system
01-16 15:17:39.716     0     0 E init    : createProcessGroup(1010, 98) failed for service 'wificond': Read-only file system
01-16 15:17:39.716     0     0 I init    : starting service 'vendor.media.omx'...
01-16 15:17:39.716     0     0 E libprocessgroup: Failed to make and chown /acct/uid_1046: Read-only file system
01-16 15:17:39.716     0     0 E init    : createProcessGroup(1046, 99) failed for service 'vendor.media.omx': Read-only file system
01-16 15:17:40.265     0     0 I init    : starting service 'media.swcodec'...
01-16 15:17:40.266     0     0 E libprocessgroup: Failed to make and chown /acct/uid_1046: Read-only file system
01-16 15:17:40.266     0     0 E init    : createProcessGroup(1046, 100) failed for service 'media.swcodec': Read-only file system
01-16 15:17:40.266     0     0 I init    : Command 'class_start main' action=nonencrypted (/system/etc/init/hw/init.rc:947) took 557ms and succeeded
01-16 15:17:40.266     0     0 I init    : starting service 'gatekeeperd'...
01-16 15:17:40.267     0     0 E libprocessgroup: Failed to make and chown /acct/uid_1000: Read-only file system
01-16 15:17:40.267     0     0 E init    : createProcessGroup(1000, 101) failed for service 'gatekeeperd': Read-only file system
01-16 15:17:40.267     0     0 I init    : starting service 'usbd'...
01-16 15:17:40.267     0     0 E libprocessgroup: Failed to make and chown /acct/uid_0: Read-only file system
01-16 15:17:40.267     0     0 E init    : createProcessGroup(0, 102) failed for service 'usbd': Read-only file system
01-16 15:17:40.268     0     0 I init    : processing action (init.svc.media=*) from (/system/etc/init/mediaserver.rc:1)
01-16 15:17:40.685     0     0 I init    : Service 'bpfloader' (pid 49) exited with status 0 oneshot service took 2.192000 seconds in background
01-16 15:17:40.685     0     0 I init    : Sending signal 9 to service 'bpfloader' (pid 49) process group...
01-16 15:17:40.685     0     0 I libprocessgroup: Successfully killed process cgroup uid 0 pid 49 in 0ms
01-16 15:17:41.432    92    92 I installd: installd firing up
01-16 15:17:41.499    97   107 I storaged: storaged: Start
01-16 15:17:42.300     0     0 I init    : Service 'exec 12 (/system/bin/bootstat --set_system_boot_reason)' (pid 84) exited with status 0 oneshot service took 2.593000 seconds in background
01-16 15:17:42.300     0     0 I init    : Sending signal 9 to service 'exec 12 (/system/bin/bootstat --set_system_boot_reason)' (pid 84) process group...
01-16 15:17:42.300     0     0 I libprocessgroup: Successfully killed process cgroup uid 1000 pid 84 in 0ms
01-16 15:17:42.461     0     0 I init    : Service 'usbd' (pid 102) exited with status 0 oneshot service took 2.193000 seconds in background
01-16 15:17:42.461     0     0 I init    : Sending signal 9 to service 'usbd' (pid 102) process group...
01-16 15:17:42.461     0     0 I libprocessgroup: Successfully killed process cgroup uid 0 pid 102 in 0ms
01-16 15:17:44.295     0     0 I init    : starting service 'mdnsd'...
01-16 15:17:44.295     0     0 I init    : Created socket '/dev/socket/mdnsd', mode 660, user 1020, group 3003
01-16 15:17:44.296     0     0 E libprocessgroup: Failed to make and chown /acct/uid_1020: Read-only file system
01-16 15:17:44.296     0     0 E init    : createProcessGroup(1020, 128) failed for service 'mdnsd': Read-only file system
01-16 15:17:44.296     0     0 I init    : Control message: Processed ctl.start for 'mdnsd' from pid: 83 (/apex/com.android.adbd/bin/adbd --root_seclabel=u:r:su:s0)
01-16 15:17:44.548    98    98 I wificond: wificond is starting up...
01-16 15:17:44.549    98    98 I HidlServiceManagement: Registered android.system.wifi.keystore@1.0::IKeystore/default
01-16 15:17:53.302     0     0 I init    : starting service 'bootanim'...
01-16 15:17:53.303     0     0 E libprocessgroup: Failed to make and chown /acct/uid_1003: Read-only file system
01-16 15:17:53.303     0     0 E init    : createProcessGroup(1003, 207) failed for service 'bootanim': Read-only file system
01-16 15:17:53.303     0     0 I init    : Control message: Processed ctl.start for 'bootanim' from pid: 74 (/system/bin/surfaceflinger)
01-16 15:17:53.304     0     0 W libprocessgroup: Failed to open /dev/stune/top-app/tasks: No such file or directory: No such file or directory
01-16 15:17:53.304     0     0 W libprocessgroup: Failed to apply MaxPerformance task profile: No such file or directory
01-16 15:17:56.214   207   214 D BootAnimation: BootAnimationShownTiming start time: 113686109ms
01-16 15:17:59.801    53    53 D Zygote32Timing: PostZygoteInitGC took to complete: 19ms
01-16 15:17:59.801    53    53 D Zygote32Timing: ZygoteInit took to complete: 49ms
01-16 15:18:00.138    52    52 D Zygote64Timing: BeginPreload took to complete: 347ms
01-16 15:18:04.043    52    52 D Zygote64Timing: PreloadClasses took to complete: 3905ms
01-16 15:18:04.056    52    52 D Zygote64Timing: CacheNonBootClasspathClassLoaders took to complete: 13ms
01-16 15:18:04.092    52    52 D Zygote64Timing: PreloadResources took to complete: 36ms
01-16 15:18:04.212    52    52 D Zygote64Timing: ZygotePreload took to complete: 4421ms
01-16 15:18:04.239    52    52 D Zygote64Timing: PostZygoteInitGC took to complete: 28ms
01-16 15:18:04.239    52    52 D Zygote64Timing: ZygoteInit took to complete: 4486ms
01-16 15:18:05.106   230   230 I chatty  : uid=1000 system_server expire 162 lines
01-16 15:18:06.100   230   255 I chatty  : uid=1000 system_server expire 79 lines
01-16 15:18:06.684   230   262 I chatty  : uid=1000(system) batterystats-wo expire 12 lines
01-16 15:18:07.103   230   251 I chatty  : uid=1000(system) android.display expire 2 lines
01-16 15:18:07.134   230   230 I chatty  : uid=1000 system_server expire 237 lines
01-16 15:18:07.193   230   256 I chatty  : uid=1000(system) android.bg expire 1 line
01-16 15:18:09.538   230   274 I chatty  : uid=1000 system_server expire 7 lines
01-16 15:18:09.845     0     0 I init    : Control message: Processed ctl.start for 'idmap2d' from pid: 230 (system_server)
01-16 15:18:09.898   230   245 I chatty  : uid=1000(system) Binder:230_2 expire 1 line
01-16 15:18:09.899   230   244 I chatty  : uid=1000(system) Binder:230_1 expire 1 line
01-16 15:18:09.902   230   259 I chatty  : uid=1000(system) ActivityManager expire 1 line
01-16 15:18:10.298   230   279 I chatty  : uid=1000 system_server expire 6 lines
01-16 15:18:10.300   230   262 I chatty  : uid=1000(system) batterystats-wo expire 8 lines
01-16 15:18:10.301   230   230 I chatty  : uid=1000 system_server expire 221 lines
01-16 15:18:10.397   230   256 I chatty  : uid=1000(system) android.bg expire 1 line
01-16 15:18:10.399   230   287 I chatty  : uid=1000 system_server expire 4 lines
01-16 15:18:10.399   230   255 I chatty  : uid=1000 system_server expire 4 lines
01-16 15:18:10.492    53    53 D ZygoteInitTiming_lazy: BeginPreload took to complete: 31ms
01-16 15:18:11.429   230   251 I chatty  : uid=1000(system) android.display expire 1 line
01-16 15:18:11.709   230   249 I chatty  : uid=1000(system) android.ui expire 1 line
01-16 15:18:11.709   230   274 I chatty  : uid=1000 system_server expire 6 lines
01-16 15:18:11.813   230   295 I chatty  : uid=1000(system) NetworkWatchlis expire 2 lines
01-16 15:18:11.840     0     0 I init    : processing action (sys.sysctl.extra_free_kbytes=*) from (/system/etc/init/hw/init.rc:995)
01-16 15:18:11.927   230   297 I chatty  : uid=1000(system) StorageManagerS expire 4 lines
01-16 15:18:12.024   230   279 I chatty  : uid=1000 system_server expire 4 lines
01-16 15:18:12.147    53    53 D ZygoteInitTiming_lazy: PreloadClasses took to complete: 1655ms
01-16 15:18:12.166    53    53 D ZygoteInitTiming_lazy: CacheNonBootClasspathClassLoaders took to complete: 19ms
01-16 15:18:12.204    53    53 D ZygoteInitTiming_lazy: PreloadResources took to complete: 38ms
01-16 15:18:13.283   230   230 I chatty  : uid=1000 system_server expire 242 lines
01-16 15:18:13.386   230   255 I chatty  : uid=1000 system_server expire 4 lines
01-16 15:18:13.425   230   308 I chatty  : uid=1000(system) ConnectivitySer expire 1 line
01-16 15:18:13.491   230   274 I chatty  : uid=1000 system_server expire 7 lines
01-16 15:18:13.716   230   249 I chatty  : uid=1000(system) android.ui expire 1 line
01-16 15:18:14.176   230   230 I chatty  : uid=1000 system_server expire 251 lines
01-16 15:18:14.177   230   279 I chatty  : uid=1000 system_server expire 4 lines
01-16 15:18:14.200   230   230 I chatty  : uid=1000 system_server expire 241 lines
01-16 15:18:14.324   230   308 I chatty  : uid=1000(system) ConnectivitySer expire 2 lines
01-16 15:18:14.401    98    98 E wificond: Failed to get wiphy index
01-16 15:18:14.423   230   256 I chatty  : uid=1000(system) android.bg expire 4 lines
01-16 15:18:14.460   230   262 I chatty  : uid=1000(system) batterystats-wo expire 6 lines
01-16 15:18:14.460   230   265 I chatty  : uid=1000(system) PowerManagerSer expire 2 lines
01-16 15:18:14.659   230   230 I SystemServerTiming: OnBootPhase_520_com.android.server.telecom.TelecomLoaderService
01-16 15:18:14.659   230   230 D SystemServerTiming: OnBootPhase_520_com.android.server.telecom.TelecomLoaderService took to complete: 0ms
01-16 15:18:14.659   230   230 I SystemServerTiming: OnBootPhase_520_com.android.server.accounts.AccountManagerService$Lifecycle
01-16 15:18:14.659   230   230 D SystemServerTiming: OnBootPhase_520_com.android.server.accounts.AccountManagerService$Lifecycle took to complete: 0ms
01-16 15:18:14.659   230   230 I SystemServerTiming: OnBootPhase_520_com.android.server.content.ContentService$Lifecycle
01-16 15:18:14.659   230   230 D SystemServerTiming: OnBootPhase_520_com.android.server.content.ContentService$Lifecycle took to complete: 0ms
01-16 15:18:14.659   230   230 I SystemServerTiming: OnBootPhase_520_com.android.server.DropBoxManagerService
01-16 15:18:14.659   230   230 D SystemServerTiming: OnBootPhase_520_com.android.server.DropBoxManagerService took to complete: 0ms
01-16 15:18:14.659   230   230 I SystemServerTiming: OnBootPhase_520_com.android.server.AlarmManagerService
01-16 15:18:14.659   230   230 D SystemServerTiming: OnBootPhase_520_com.android.server.AlarmManagerService took to complete: 0ms
01-16 15:18:14.659   230   230 I SystemServerTiming: OnBootPhase_520_com.android.server.BluetoothService
01-16 15:18:14.659   230   230 D SystemServerTiming: OnBootPhase_520_com.android.server.BluetoothService took to complete: 0ms
01-16 15:18:14.659   230   230 I SystemServerTiming: OnBootPhase_520_com.android.server.connectivity.IpConnectivityMetrics
01-16 15:18:14.659   230   230 D SystemServerTiming: OnBootPhase_520_com.android.server.connectivity.IpConnectivityMetrics took to complete: 0ms
01-16 15:18:14.659   230   230 I SystemServerTiming: OnBootPhase_520_com.android.server.net.watchlist.NetworkWatchlistService$Lifecycle
01-16 15:18:14.659   230   230 D SystemServerTiming: OnBootPhase_520_com.android.server.net.watchlist.NetworkWatchlistService$Lifecycle took to complete: 0ms
01-16 15:18:14.659   230   230 I SystemServerTiming: OnBootPhase_520_com.android.server.PinnerService
01-16 15:18:14.659   230   230 D SystemServerTiming: OnBootPhase_520_com.android.server.PinnerService took to complete: 0ms
01-16 15:18:14.659   230   230 I SystemServerTiming: OnBootPhase_520_com.google.android.startop.iorap.IorapForwardingService
01-16 15:18:14.659   230   230 D SystemServerTiming: OnBootPhase_520_com.google.android.startop.iorap.IorapForwardingService took to complete: 0ms
01-16 15:18:14.659   230   230 I SystemServerTiming: OnBootPhase_520_com.android.server.integrity.AppIntegrityManagerService
01-16 15:18:14.659   230   230 D SystemServerTiming: OnBootPhase_520_com.android.server.integrity.AppIntegrityManagerService took to complete: 0ms
01-16 15:18:14.659   230   230 I SystemServerTiming: OnBootPhase_520_com.android.server.inputmethod.InputMethodManagerService$Lifecycle
01-16 15:18:14.659   230   230 D SystemServerTiming: OnBootPhase_520_com.android.server.inputmethod.InputMethodManagerService$Lifecycle took to complete: 0ms
01-16 15:18:14.659   230   230 I SystemServerTiming: OnBootPhase_520_com.android.server.accessibility.AccessibilityManagerService$Lifecycle
01-16 15:18:14.659   230   230 D SystemServerTiming: OnBootPhase_520_com.android.server.accessibility.AccessibilityManagerService$Lifecycle took to complete: 0ms
01-16 15:18:14.659   230   230 I SystemServerTiming: OnBootPhase_520_com.android.server.StorageManagerService$Lifecycle
01-16 15:18:14.659   230   230 D SystemServerTiming: OnBootPhase_520_com.android.server.StorageManagerService$Lifecycle took to complete: 0ms
01-16 15:18:14.659   230   230 I SystemServerTiming: OnBootPhase_520_com.android.server.usage.StorageStatsService$Lifecycle
01-16 15:18:14.659   230   230 D SystemServerTiming: OnBootPhase_520_com.android.server.usage.StorageStatsService$Lifecycle took to complete: 0ms
01-16 15:18:14.659   230   230 I SystemServerTiming: OnBootPhase_520_com.android.server.UiModeManagerService
01-16 15:18:14.659   230   230 D SystemServerTiming: OnBootPhase_520_com.android.server.UiModeManagerService took to complete: 0ms
01-16 15:18:14.659   230   230 I SystemServerTiming: OnBootPhase_520_com.android.server.locksettings.LockSettingsService$Lifecycle
01-16 15:18:14.659   230   230 D SystemServerTiming: OnBootPhase_520_com.android.server.locksettings.LockSettingsService$Lifecycle took to complete: 0ms
01-16 15:18:14.659   230   230 I SystemServerTiming: OnBootPhase_520_com.android.server.testharness.TestHarnessModeService
01-16 15:18:14.659   230   230 D SystemServerTiming: OnBootPhase_520_com.android.server.testharness.TestHarnessModeService took to complete: 0ms
01-16 15:18:14.659   230   230 I SystemServerTiming: OnBootPhase_520_com.android.server.DeviceIdleController
01-16 15:18:14.659   230   230 D SystemServerTiming: OnBootPhase_520_com.android.server.DeviceIdleController took to complete: 0ms
01-16 15:18:14.659   230   230 I SystemServerTiming: OnBootPhase_520_com.android.server.devicepolicy.DevicePolicyManagerService$Lifecycle
01-16 15:18:14.659   230   230 D SystemServerTiming: OnBootPhase_520_com.android.server.devicepolicy.DevicePolicyManagerService$Lifecycle took to complete: 0ms
01-16 15:18:14.659   230   230 I SystemServerTiming: OnBootPhase_520_com.android.server.textservices.TextServicesManagerService$Lifecycle
01-16 15:18:14.659   230   230 D SystemServerTiming: OnBootPhase_520_com.android.server.textservices.TextServicesManagerService$Lifecycle took to complete: 0ms
01-16 15:18:14.659   230   230 I SystemServerTiming: OnBootPhase_520_com.android.server.textclassifier.TextClassificationManagerService$Lifecycle
01-16 15:18:14.659   230   230 D SystemServerTiming: OnBootPhase_520_com.android.server.textclassifier.TextClassificationManagerService$Lifecycle took to complete: 0ms
01-16 15:18:14.659   230   230 I SystemServerTiming: OnBootPhase_520_com.android.server.NetworkScoreService$Lifecycle
01-16 15:18:14.659   230   230 D SystemServerTiming: OnBootPhase_520_com.android.server.NetworkScoreService$Lifecycle took to complete: 0ms
01-16 15:18:14.659   230   230 I SystemServerTiming: OnBootPhase_520_com.android.server.wifi.WifiService
01-16 15:18:14.659   230   230 D SystemServerTiming: OnBootPhase_520_com.android.server.wifi.WifiService took to complete: 0ms
01-16 15:18:14.659   230   230 I SystemServerTiming: OnBootPhase_520_com.android.server.wifi.scanner.WifiScanningService
01-16 15:18:14.659   230   230 D SystemServerTiming: OnBootPhase_520_com.android.server.wifi.scanner.WifiScanningService took to complete: 0ms
01-16 15:18:14.659   230   230 I SystemServerTiming: OnBootPhase_520_com.android.server.ethernet.EthernetService
01-16 15:18:14.659   230   230 D SystemServerTiming: OnBootPhase_520_com.android.server.ethernet.EthernetService took to complete: 0ms
01-16 15:18:14.659   230   230 I SystemServerTiming: OnBootPhase_520_com.android.server.notification.NotificationManagerService
01-16 15:18:14.659   230   230 D SystemServerTiming: OnBootPhase_520_com.android.server.notification.NotificationManagerService took to complete: 0ms
01-16 15:18:14.659   230   230 I SystemServerTiming: OnBootPhase_520_com.android.server.storage.DeviceStorageMonitorService
01-16 15:18:14.659   230   230 D SystemServerTiming: OnBootPhase_520_com.android.server.storage.DeviceStorageMonitorService took to complete: 0ms
01-16 15:18:14.659   230   230 I SystemServerTiming: OnBootPhase_520_com.android.server.location.LocationManagerService$Lifecycle
01-16 15:18:14.659   230   230 D SystemServerTiming: OnBootPhase_520_com.android.server.location.LocationManagerService$Lifecycle took to complete: 0ms
01-16 15:18:14.659   230   230 I SystemServerTiming: OnBootPhase_520_com.android.server.timedetector.TimeDetectorService$Lifecycle
01-16 15:18:14.659   230   230 D SystemServerTiming: OnBootPhase_520_com.android.server.timedetector.TimeDetectorService$Lifecycle took to complete: 0ms
01-16 15:18:14.659   230   230 I SystemServerTiming: OnBootPhase_520_com.android.server.timezonedetector.TimeZoneDetectorService$Lifecycle
01-16 15:18:14.659   230   230 D SystemServerTiming: OnBootPhase_520_com.android.server.timezonedetector.TimeZoneDetectorService$Lifecycle took to complete: 0ms
01-16 15:18:14.659   230   230 I SystemServerTiming: OnBootPhase_520_com.android.server.search.SearchManagerService$Lifecycle
01-16 15:18:14.659   230   230 D SystemServerTiming: OnBootPhase_520_com.android.server.search.SearchManagerService$Lifecycle took to complete: 0ms
01-16 15:18:14.659   230   230 I SystemServerTiming: OnBootPhase_520_com.android.server.wallpaper.WallpaperManagerService$Lifecycle
01-16 15:18:14.659   230   230 D SystemServerTiming: OnBootPhase_520_com.android.server.wallpaper.WallpaperManagerService$Lifecycle took to complete: 0ms
01-16 15:18:14.660   230   230 I SystemServerTiming: OnBootPhase_520_com.android.server.audio.AudioService$Lifecycle
01-16 15:18:14.660   230   230 D SystemServerTiming: OnBootPhase_520_com.android.server.audio.AudioService$Lifecycle took to complete: 0ms
01-16 15:18:14.660   230   230 I SystemServerTiming: OnBootPhase_520_com.android.server.soundtrigger_middleware.SoundTriggerMiddlewareService$Lifecycle
01-16 15:18:14.660   230   230 D SystemServerTiming: OnBootPhase_520_com.android.server.soundtrigger_middleware.SoundTriggerMiddlewareService$Lifecycle took to complete: 0ms
01-16 15:18:14.660   230   230 I SystemServerTiming: OnBootPhase_520_com.android.server.DockObserver
01-16 15:18:14.660   230   230 D SystemServerTiming: OnBootPhase_520_com.android.server.DockObserver took to complete: 0ms
01-16 15:18:14.660   230   230 I SystemServerTiming: OnBootPhase_520_com.android.server.adb.AdbService$Lifecycle
01-16 15:18:14.660   230   230 D SystemServerTiming: OnBootPhase_520_com.android.server.adb.AdbService$Lifecycle took to complete: 0ms
01-16 15:18:14.660   230   230 I SystemServerTiming: OnBootPhase_520_com.android.server.usb.UsbService$Lifecycle
01-16 15:18:14.660   230   230 D SystemServerTiming: OnBootPhase_520_com.android.server.usb.UsbService$Lifecycle took to complete: 0ms
01-16 15:18:14.660   230   230 I SystemServerTiming: OnBootPhase_520_com.android.server.twilight.TwilightService
01-16 15:18:14.660   230   230 D SystemServerTiming: OnBootPhase_520_com.android.server.twilight.TwilightService took to complete: 0ms
01-16 15:18:14.660   230   230 I SystemServerTiming: OnBootPhase_520_com.android.server.display.color.ColorDisplayService
01-16 15:18:14.660   230   230 D SystemServerTiming: OnBootPhase_520_com.android.server.display.color.ColorDisplayService took to complete: 0ms
01-16 15:18:14.660   230   230 I SystemServerTiming: OnBootPhase_520_com.android.server.job.JobSchedulerService
01-16 15:18:14.660   230   230 D SystemServerTiming: OnBootPhase_520_com.android.server.job.JobSchedulerService took to complete: 0ms
01-16 15:18:14.660   230   230 I SystemServerTiming: OnBootPhase_520_com.android.server.soundtrigger.SoundTriggerService
01-16 15:18:14.660   230   230 D SoundTriggerService: onBootPhase: 520 : false
01-16 15:18:14.660   230   230 W SoundTriggerHelper: listModules status=0, # of modules=0
01-16 15:18:14.660   230   230 D SystemServerTiming: OnBootPhase_520_com.android.server.soundtrigger.SoundTriggerService took to complete: 0ms
01-16 15:18:14.660   230   230 I SystemServerTiming: OnBootPhase_520_com.android.server.trust.TrustManagerService
01-16 15:18:14.660   230   230 D SystemServerTiming: OnBootPhase_520_com.android.server.trust.TrustManagerService took to complete: 0ms
01-16 15:18:14.660   230   230 I SystemServerTiming: OnBootPhase_520_com.android.server.backup.BackupManagerService$Lifecycle
01-16 15:18:14.660   230   230 D SystemServerTiming: OnBootPhase_520_com.android.server.backup.BackupManagerService$Lifecycle took to complete: 0ms
01-16 15:18:14.660   230   230 I SystemServerTiming: OnBootPhase_520_com.android.server.appwidget.AppWidgetService
01-16 15:18:14.660   230   230 D SystemServerTiming: OnBootPhase_520_com.android.server.appwidget.AppWidgetService took to complete: 0ms
01-16 15:18:14.660   230   230 I SystemServerTiming: OnBootPhase_520_com.android.server.role.RoleManagerService
01-16 15:18:14.660   230   230 D SystemServerTiming: OnBootPhase_520_com.android.server.role.RoleManagerService took to complete: 0ms
01-16 15:18:14.660   230   230 I SystemServerTiming: OnBootPhase_520_com.android.server.voiceinteraction.VoiceInteractionManagerService
01-16 15:18:14.660   230   230 D SystemServerTiming: OnBootPhase_520_com.android.server.voiceinteraction.VoiceInteractionManagerService took to complete: 0ms
01-16 15:18:14.660   230   230 I SystemServerTiming: OnBootPhase_520_com.android.server.GestureLauncherService
01-16 15:18:14.660   230   230 D SystemServerTiming: OnBootPhase_520_com.android.server.GestureLauncherService took to complete: 0ms
01-16 15:18:14.660   230   230 I SystemServerTiming: OnBootPhase_520_com.android.server.SensorNotificationService
01-16 15:18:14.660   230   230 D SystemServerTiming: OnBootPhase_520_com.android.server.SensorNotificationService took to complete: 0ms
01-16 15:18:14.660   230   230 I SystemServerTiming: OnBootPhase_520_com.android.server.emergency.EmergencyAffordanceService
01-16 15:18:14.660   230   230 D SystemServerTiming: OnBootPhase_520_com.android.server.emergency.EmergencyAffordanceService took to complete: 0ms
01-16 15:18:14.660   230   230 I SystemServerTiming: OnBootPhase_520_com.android.server.dreams.DreamManagerService
01-16 15:18:14.660   230   230 D SystemServerTiming: OnBootPhase_520_com.android.server.dreams.DreamManagerService took to complete: 0ms
01-16 15:18:14.660   230   230 I SystemServerTiming: OnBootPhase_520_com.android.server.print.PrintManagerService
01-16 15:18:14.660   230   230 D SystemServerTiming: OnBootPhase_520_com.android.server.print.PrintManagerService took to complete: 0ms
01-16 15:18:14.660   230   230 I SystemServerTiming: OnBootPhase_520_com.android.server.companion.CompanionDeviceManagerService
01-16 15:18:14.660   230   230 D SystemServerTiming: OnBootPhase_520_com.android.server.companion.CompanionDeviceManagerService took to complete: 0ms
01-16 15:18:14.660   230   230 I SystemServerTiming: OnBootPhase_520_com.android.server.restrictions.RestrictionsManagerService
01-16 15:18:14.660   230   230 D SystemServerTiming: OnBootPhase_520_com.android.server.restrictions.RestrictionsManagerService took to complete: 0ms
01-16 15:18:14.660   230   230 I SystemServerTiming: OnBootPhase_520_com.android.server.media.MediaSessionService
01-16 15:18:14.660   230   230 D SystemServerTiming: OnBootPhase_520_com.android.server.media.MediaSessionService took to complete: 0ms
01-16 15:18:14.660   230   230 I SystemServerTiming: OnBootPhase_520_com.android.server.media.MediaResourceMonitorService
01-16 15:18:14.660   230   230 D SystemServerTiming: OnBootPhase_520_com.android.server.media.MediaResourceMonitorService took to complete: 0ms
01-16 15:18:14.660   230   230 I SystemServerTiming: OnBootPhase_520_com.android.server.blob.BlobStoreManagerService
01-16 15:18:14.660   230   230 D SystemServerTiming: OnBootPhase_520_com.android.server.blob.BlobStoreManagerService took to complete: 0ms
01-16 15:18:14.660   230   230 I SystemServerTiming: OnBootPhase_520_com.android.server.biometrics.BiometricService
01-16 15:18:14.660   230   230 D SystemServerTiming: OnBootPhase_520_com.android.server.biometrics.BiometricService took to complete: 0ms
01-16 15:18:14.660   230   230 I SystemServerTiming: OnBootPhase_520_com.android.server.biometrics.AuthService
01-16 15:18:14.660   230   230 D SystemServerTiming: OnBootPhase_520_com.android.server.biometrics.AuthService took to complete: 0ms
01-16 15:18:14.660   230   230 I SystemServerTiming: OnBootPhase_520_com.android.server.pm.ShortcutService$Lifecycle
01-16 15:18:14.660   230   230 D SystemServerTiming: OnBootPhase_520_com.android.server.pm.ShortcutService$Lifecycle took to complete: 0ms
01-16 15:18:14.660   230   230 I SystemServerTiming: OnBootPhase_520_com.android.server.pm.LauncherAppsService
01-16 15:18:14.660   230   230 D SystemServerTiming: OnBootPhase_520_com.android.server.pm.LauncherAppsService took to complete: 0ms
01-16 15:18:14.660   230   230 I SystemServerTiming: OnBootPhase_520_com.android.server.pm.CrossProfileAppsService
01-16 15:18:14.660   230   230 D SystemServerTiming: OnBootPhase_520_com.android.server.pm.CrossProfileAppsService took to complete: 0ms
01-16 15:18:14.660   230   230 I SystemServerTiming: OnBootPhase_520_com.android.server.people.PeopleService
01-16 15:18:14.660   230   230 D SystemServerTiming: OnBootPhase_520_com.android.server.people.PeopleService took to complete: 0ms
01-16 15:18:14.660   230   230 I SystemServerTiming: OnBootPhase_520_com.android.server.media.projection.MediaProjectionManagerService
01-16 15:18:14.660   230   230 D SystemServerTiming: OnBootPhase_520_com.android.server.media.projection.MediaProjectionManagerService took to complete: 0ms
01-16 15:18:14.660   230   230 I SystemServerTiming: OnBootPhase_520_com.android.server.slice.SliceManagerService$Lifecycle
01-16 15:18:14.660   230   230 D SystemServerTiming: OnBootPhase_520_com.android.server.slice.SliceManagerService$Lifecycle took to complete: 0ms
01-16 15:18:14.660   230   230 I SystemServerTiming: OnBootPhase_520_com.android.server.camera.CameraServiceProxy
01-16 15:18:14.660   230   230 D SystemServerTiming: OnBootPhase_520_com.android.server.camera.CameraServiceProxy took to complete: 0ms
01-16 15:18:14.660   230   230 I SystemServerTiming: OnBootPhase_520_com.android.server.stats.StatsCompanion$Lifecycle
01-16 15:18:14.660   230   230 D SystemServerTiming: OnBootPhase_520_com.android.server.stats.StatsCompanion$Lifecycle took to complete: 0ms
01-16 15:18:14.660   230   230 I SystemServerTiming: OnBootPhase_520_com.android.server.stats.pull.StatsPullAtomService
01-16 15:18:14.660   230   230 D SystemServerTiming: OnBootPhase_520_com.android.server.stats.pull.StatsPullAtomService took to complete: 0ms
01-16 15:18:14.660   230   230 I SystemServerTiming: OnBootPhase_520_com.android.server.incident.IncidentCompanionService
01-16 15:18:14.660   230   230 D SystemServerTiming: OnBootPhase_520_com.android.server.incident.IncidentCompanionService took to complete: 0ms
01-16 15:18:14.660   230   230 I SystemServerTiming: OnBootPhase_520_com.android.server.MmsServiceBroker
01-16 15:18:14.660   230   230 D SystemServerTiming: OnBootPhase_520_com.android.server.MmsServiceBroker took to complete: 0ms
01-16 15:18:14.660   230   230 I SystemServerTiming: OnBootPhase_520_com.android.server.autofill.AutofillManagerService
01-16 15:18:14.660   230   230 D SystemServerTiming: OnBootPhase_520_com.android.server.autofill.AutofillManagerService took to complete: 0ms
01-16 15:18:14.660   230   230 I SystemServerTiming: OnBootPhase_520_com.android.server.clipboard.ClipboardService
01-16 15:18:14.660   230   230 D SystemServerTiming: OnBootPhase_520_com.android.server.clipboard.ClipboardService took to complete: 0ms
01-16 15:18:14.660   230   230 I SystemServerTiming: OnBootPhase_520_com.android.server.appbinding.AppBindingService$Lifecycle
01-16 15:18:14.660   230   230 D SystemServerTiming: OnBootPhase_520_com.android.server.appbinding.AppBindingService$Lifecycle took to complete: 0ms
01-16 15:18:14.660   230   230 I SystemServerTiming: OnBootPhase_520_org.lineageos.platform.internal.ProfileManagerService
01-16 15:18:14.660   230   230 D SystemServerTiming: OnBootPhase_520_org.lineageos.platform.internal.ProfileManagerService took to complete: 0ms
01-16 15:18:14.660   230   230 I SystemServerTiming: OnBootPhase_520_org.lineageos.platform.internal.LineageHardwareService
01-16 15:18:14.660   230   230 D SystemServerTiming: OnBootPhase_520_org.lineageos.platform.internal.LineageHardwareService took to complete: 0ms
01-16 15:18:14.660   230   230 I SystemServerTiming: OnBootPhase_520_org.lineageos.platform.internal.PerformanceManagerService
01-16 15:18:14.660   230   230 D SystemServerTiming: OnBootPhase_520_org.lineageos.platform.internal.PerformanceManagerService took to complete: 0ms
01-16 15:18:14.660   230   230 I SystemServerTiming: OnBootPhase_520_org.lineageos.platform.internal.display.LiveDisplayService
01-16 15:18:14.660   230   230 D SystemServerTiming: OnBootPhase_520_org.lineageos.platform.internal.display.LiveDisplayService took to complete: 0ms
01-16 15:18:14.660   230   230 I SystemServerTiming: OnBootPhase_520_org.lineageos.platform.internal.LineageAudioService
01-16 15:18:14.660   230   230 D SystemServerTiming: OnBootPhase_520_org.lineageos.platform.internal.LineageAudioService took to complete: 0ms
01-16 15:18:14.660   230   230 I SystemServerTiming: OnBootPhase_520_org.lineageos.platform.internal.LineageSettingsService
01-16 15:18:14.660   230   230 D SystemServerTiming: OnBootPhase_520_org.lineageos.platform.internal.LineageSettingsService took to complete: 0ms
01-16 15:18:14.660   230   230 I SystemServerTiming: OnBootPhase_520_org.lineageos.platform.internal.LineageGlobalActionsService
01-16 15:18:14.660   230   230 D SystemServerTiming: OnBootPhase_520_org.lineageos.platform.internal.LineageGlobalActionsService took to complete: 0ms
01-16 15:18:14.660   230   230 I SystemServerTiming: OnBootPhase_520_org.lineageos.platform.internal.WayDroidService
01-16 15:18:14.660   230   230 D SystemServerTiming: OnBootPhase_520_org.lineageos.platform.internal.WayDroidService took to complete: 0ms
01-16 15:18:14.660   230   230 I SystemServerTiming: OnBootPhase_520_com.android.server.policy.PermissionPolicyService
01-16 15:18:14.660   230   230 D SystemServerTiming: OnBootPhase_520_com.android.server.policy.PermissionPolicyService took to complete: 0ms
01-16 15:18:14.660   230   230 I SystemServerTiming: OnBootPhase_520_com.android.server.pm.StagingManager$Lifecycle
01-16 15:18:14.660   230   230 D SystemServerTiming: OnBootPhase_520_com.android.server.pm.StagingManager$Lifecycle took to complete: 0ms
01-16 15:18:14.660   230   230 D SystemServerTiming: OnBootPhase_520 took to complete: 2ms
01-16 15:18:14.660   230   230 D SystemServerTiming: StartBootPhaseDeviceSpecificServicesReady took to complete: 2ms
01-16 15:18:14.660   230   230 I SystemServerTiming: PhaseActivityManagerReady
01-16 15:18:14.660   230   230 I SystemServerTiming: controllersReady
01-16 15:18:14.661   230   255 I SystemServerTimingAsync: InitThreadPoolExec:Update app-ops uidState in case package com.android.systemui changed
01-16 15:18:14.661   230   255 D SystemServerInitThreadPool: Started executing Update app-ops uidState in case package com.android.systemui changed
01-16 15:18:14.661   230   279 I SystemServerTimingAsync: InitThreadPoolExec:Update app-ops uidState in case package com.android.providers.userdictionary changed
01-16 15:18:14.661   230   279 D SystemServerInitThreadPool: Started executing Update app-ops uidState in case package com.android.providers.userdictionary changed
01-16 15:18:14.661   230   255 D SystemServerInitThreadPool: Finished executing Update app-ops uidState in case package com.android.systemui changed
01-16 15:18:14.661   230   255 D SystemServerTimingAsync: InitThreadPoolExec:Update app-ops uidState in case package com.android.systemui changed took to complete: 0ms
01-16 15:18:14.661   230   230 D SystemServerTiming: controllersReady took to complete: 0ms
01-16 15:18:14.661   230   255 I SystemServerTimingAsync: InitThreadPoolExec:Update app-ops uidState in case package com.android.phone changed
01-16 15:18:14.661   230   274 I SystemServerTimingAsync: InitThreadPoolExec:Update app-ops uidState in case package com.android.deskclock changed
01-16 15:18:14.661   230   274 D SystemServerInitThreadPool: Started executing Update app-ops uidState in case package com.android.deskclock changed
01-16 15:18:14.661   230   274 D SystemServerInitThreadPool: Finished executing Update app-ops uidState in case package com.android.deskclock changed
01-16 15:18:14.661   230   274 D SystemServerTimingAsync: InitThreadPoolExec:Update app-ops uidState in case package com.android.deskclock changed took to complete: 0ms
01-16 15:18:14.661   230   279 D SystemServerInitThreadPool: Finished executing Update app-ops uidState in case package com.android.providers.userdictionary changed
01-16 15:18:14.661   230   274 I SystemServerTimingAsync: InitThreadPoolExec:Update app-ops uidState in case package android changed
01-16 15:18:14.661   230   255 D SystemServerInitThreadPool: Started executing Update app-ops uidState in case package com.android.phone changed
01-16 15:18:14.661   230   279 D SystemServerTimingAsync: InitThreadPoolExec:Update app-ops uidState in case package com.android.providers.userdictionary changed took to complete: 0ms
01-16 15:18:14.661   230   255 D SystemServerInitThreadPool: Finished executing Update app-ops uidState in case package com.android.phone changed
01-16 15:18:14.661   230   255 D SystemServerTimingAsync: InitThreadPoolExec:Update app-ops uidState in case package com.android.phone changed took to complete: 0ms
01-16 15:18:14.661   230   230 I SystemServerTiming: killProcesses
01-16 15:18:14.661   230   274 D SystemServerInitThreadPool: Started executing Update app-ops uidState in case package android changed
01-16 15:18:14.661   230   230 D SystemServerTiming: killProcesses took to complete: 0ms
01-16 15:18:14.661   230   274 D SystemServerInitThreadPool: Finished executing Update app-ops uidState in case package android changed
01-16 15:18:14.661   230   230 I ActivityManager: System now ready
01-16 15:18:14.661   230   274 D SystemServerTimingAsync: InitThreadPoolExec:Update app-ops uidState in case package android changed took to complete: 0ms
01-16 15:18:14.661   230   230 I SystemServerTiming: updateTopComponentForFactoryTest
01-16 15:18:14.661   230   230 D SystemServerTiming: updateTopComponentForFactoryTest took to complete: 0ms
01-16 15:18:14.661   230   230 I SystemServerTiming: registerActivityLaunchObserver
01-16 15:18:14.661   230   230 D SystemServerTiming: registerActivityLaunchObserver took to complete: 0ms
01-16 15:18:14.661   230   230 I SystemServerTiming: watchDeviceProvisioning
01-16 15:18:14.926   230   230 D SystemServerTiming: watchDeviceProvisioning took to complete: 264ms
01-16 15:18:14.926   230   230 I SystemServerTiming: retrieveSettings
01-16 15:18:14.927   230   230 D SystemServerTiming: retrieveSettings took to complete: 1ms
01-16 15:18:14.927   230   230 I SystemServerTiming: Ugm.onSystemReady
01-16 15:18:14.927   230   230 D SystemServerTiming: Ugm.onSystemReady took to complete: 0ms
01-16 15:18:14.927   230   230 I SystemServerTiming: updateForceBackgroundCheck
01-16 15:18:14.927   230   230 D SystemServerTiming: updateForceBackgroundCheck took to complete: 0ms
01-16 15:18:14.927   230   230 I SystemServer: Making services ready
01-16 15:18:14.927   230   230 I SystemServerTiming: StartActivityManagerReadyPhase
01-16 15:18:14.927   230   230 I SystemServiceManager: Starting phase 550
01-16 15:18:14.927   230   230 I SystemServerTiming: OnBootPhase_550
01-16 15:18:14.927   230   230 I SystemServerTiming: OnBootPhase_550_com.android.server.security.FileIntegrityService
01-16 15:18:14.927   230   230 D SystemServerTiming: OnBootPhase_550_com.android.server.security.FileIntegrityService took to complete: 0ms
01-16 15:18:14.927   230   230 I SystemServerTiming: OnBootPhase_550_com.android.server.pm.Installer
01-16 15:18:14.927   230   230 D SystemServerTiming: OnBootPhase_550_com.android.server.pm.Installer took to complete: 0ms
01-16 15:18:14.927   230   230 I SystemServerTiming: OnBootPhase_550_com.android.server.os.DeviceIdentifiersPolicyService
01-16 15:18:14.927   230   230 D SystemServerTiming: OnBootPhase_550_com.android.server.os.DeviceIdentifiersPolicyService took to complete: 0ms
01-16 15:18:14.927   230   230 I SystemServerTiming: OnBootPhase_550_com.android.server.uri.UriGrantsManagerService$Lifecycle
01-16 15:18:14.927   230   230 D SystemServerTiming: OnBootPhase_550_com.android.server.uri.UriGrantsManagerService$Lifecycle took to complete: 0ms
01-16 15:18:14.927   230   230 I SystemServerTiming: OnBootPhase_550_com.android.server.wm.ActivityTaskManagerService$Lifecycle
01-16 15:18:14.927   230   230 D SystemServerTiming: OnBootPhase_550_com.android.server.wm.ActivityTaskManagerService$Lifecycle took to complete: 0ms
01-16 15:18:14.927   230   230 I SystemServerTiming: OnBootPhase_550_com.android.server.am.ActivityManagerService$Lifecycle
01-16 15:18:14.927   230   230 D SystemServerTiming: OnBootPhase_550_com.android.server.am.ActivityManagerService$Lifecycle took to complete: 0ms
01-16 15:18:14.927   230   230 I SystemServerTiming: OnBootPhase_550_com.android.server.pm.DataLoaderManagerService
01-16 15:18:14.927   230   230 D SystemServerTiming: OnBootPhase_550_com.android.server.pm.DataLoaderManagerService took to complete: 0ms
01-16 15:18:14.927   230   230 I SystemServerTiming: OnBootPhase_550_com.android.server.power.PowerManagerService
01-16 15:18:14.927   230   230 D SystemServerTiming: OnBootPhase_550_com.android.server.power.PowerManagerService took to complete: 0ms
01-16 15:18:14.927   230   230 I SystemServerTiming: OnBootPhase_550_com.android.server.power.ThermalManagerService
01-16 15:18:14.927   230   230 E ThermalHalWrapper: Thermal HAL 2.0 service not connected.
01-16 15:18:14.928   230   230 E ThermalHalWrapper: Thermal HAL 1.1 service not connected.
01-16 15:18:14.928   230   230 E ThermalHalWrapper: Thermal HAL 1.0 service not connected.
01-16 15:18:14.928   230   230 W ThermalManagerService: No Thermal HAL service on this device
01-16 15:18:14.928   230   230 D SystemServerTiming: OnBootPhase_550_com.android.server.power.ThermalManagerService took to complete: 1ms
01-16 15:18:14.928   230   230 I SystemServerTiming: OnBootPhase_550_com.android.server.recoverysystem.RecoverySystemService$Lifecycle
01-16 15:18:14.928   230   230 D SystemServerTiming: OnBootPhase_550_com.android.server.recoverysystem.RecoverySystemService$Lifecycle took to complete: 0ms
01-16 15:18:14.928   230   230 I SystemServerTiming: OnBootPhase_550_com.android.server.lights.LightsService
01-16 15:18:14.928   230   230 D SystemServerTiming: OnBootPhase_550_com.android.server.lights.LightsService took to complete: 0ms
01-16 15:18:14.928   230   230 I SystemServerTiming: OnBootPhase_550_com.android.server.display.DisplayManagerService
01-16 15:18:14.928   230   230 D SystemServerTiming: OnBootPhase_550_com.android.server.display.DisplayManagerService took to complete: 0ms
01-16 15:18:14.928   230   230 I SystemServerTiming: OnBootPhase_550_com.android.server.pm.UserManagerService$LifeCycle
01-16 15:18:14.928   230   230 D SystemServerTiming: OnBootPhase_550_com.android.server.pm.UserManagerService$LifeCycle took to complete: 0ms
01-16 15:18:14.928   230   230 I SystemServerTiming: OnBootPhase_550_com.android.server.om.OverlayManagerService
01-16 15:18:14.928   230   230 D SystemServerTiming: OnBootPhase_550_com.android.server.om.OverlayManagerService took to complete: 0ms
01-16 15:18:14.928   230   230 I SystemServerTiming: OnBootPhase_550_com.android.server.SensorPrivacyService
01-16 15:18:14.928   230   230 D SystemServerTiming: OnBootPhase_550_com.android.server.SensorPrivacyService took to complete: 0ms
01-16 15:18:14.928   230   230 I SystemServerTiming: OnBootPhase_550_com.android.server.SystemConfigService
01-16 15:18:14.928   230   230 D SystemServerTiming: OnBootPhase_550_com.android.server.SystemConfigService took to complete: 0ms
01-16 15:18:14.928   230   230 I SystemServerTiming: OnBootPhase_550_com.android.server.BatteryService
01-16 15:18:14.928   230   230 D SystemServerTiming: OnBootPhase_550_com.android.server.BatteryService took to complete: 0ms
01-16 15:18:14.928   230   230 I SystemServerTiming: OnBootPhase_550_com.android.server.usage.UsageStatsService
01-16 15:18:14.928   230   230 D SystemServerTiming: OnBootPhase_550_com.android.server.usage.UsageStatsService took to complete: 0ms
01-16 15:18:14.928   230   230 I SystemServerTiming: OnBootPhase_550_com.android.server.webkit.WebViewUpdateService
01-16 15:18:14.928   230   230 D SystemServerTiming: OnBootPhase_550_com.android.server.webkit.WebViewUpdateService took to complete: 0ms
01-16 15:18:14.928   230   230 I SystemServerTiming: OnBootPhase_550_com.android.server.CachedDeviceStateService
01-16 15:18:14.928   230   230 D SystemServerTiming: OnBootPhase_550_com.android.server.CachedDeviceStateService took to complete: 0ms
01-16 15:18:14.928   230   230 I SystemServerTiming: OnBootPhase_550_com.android.server.BinderCallsStatsService$LifeCycle
